Component: Arm Compiler for Embedded 6.18 Tool: armlink [5e4cc100]

==============================================================================

Section Cross References

    startup_stm32f103xb.o(STACK) refers (Special) to heapauxi.o(.text) for __use_two_region_memory
    startup_stm32f103xb.o(HEAP) refers (Special) to heapauxi.o(.text) for __use_two_region_memory
    startup_stm32f103xb.o(RESET) refers (Special) to heapauxi.o(.text) for __use_two_region_memory
    startup_stm32f103xb.o(RESET) refers to startup_stm32f103xb.o(STACK) for __initial_sp
    startup_stm32f103xb.o(RESET) refers to startup_stm32f103xb.o(.text) for Reset_Handler
    startup_stm32f103xb.o(RESET) refers to stm32f1xx_it.o(.text.NMI_Handler) for NMI_Handler
    startup_stm32f103xb.o(RESET) refers to stm32f1xx_it.o(.text.HardFault_Handler) for HardFault_Handler
    startup_stm32f103xb.o(RESET) refers to stm32f1xx_it.o(.text.MemManage_Handler) for MemManage_Handler
    startup_stm32f103xb.o(RESET) refers to stm32f1xx_it.o(.text.BusFault_Handler) for BusFault_Handler
    startup_stm32f103xb.o(RESET) refers to stm32f1xx_it.o(.text.UsageFault_Handler) for UsageFault_Handler
    startup_stm32f103xb.o(RESET) refers to stm32f1xx_it.o(.text.SVC_Handler) for SVC_Handler
    startup_stm32f103xb.o(RESET) refers to stm32f1xx_it.o(.text.DebugMon_Handler) for DebugMon_Handler
    startup_stm32f103xb.o(RESET) refers to stm32f1xx_it.o(.text.PendSV_Handler) for PendSV_Handler
    startup_stm32f103xb.o(RESET) refers to stm32f1xx_it.o(.text.SysTick_Handler) for SysTick_Handler
    startup_stm32f103xb.o(RESET) refers to stm32f1xx_it.o(.text.DMA1_Channel1_IRQHandler) for DMA1_Channel1_IRQHandler
    startup_stm32f103xb.o(RESET) refers to stm32f1xx_it.o(.text.TIM1_UP_IRQHandler) for TIM1_UP_IRQHandler
    startup_stm32f103xb.o(.text) refers (Special) to heapauxi.o(.text) for __use_two_region_memory
    startup_stm32f103xb.o(.text) refers to system_stm32f1xx.o(.text.SystemInit) for SystemInit
    startup_stm32f103xb.o(.text) refers to __main.o(!!!main) for __main
    startup_stm32f103xb.o(.text) refers to startup_stm32f103xb.o(HEAP) for Heap_Mem
    startup_stm32f103xb.o(.text) refers to startup_stm32f103xb.o(STACK) for Stack_Mem
    main.o(.text.main) refers to stm32f1xx_hal.o(.text.HAL_Init) for HAL_Init
    main.o(.text.main) refers to main.o(.text.SystemClock_Config) for SystemClock_Config
    main.o(.text.main) refers to main.o(.text.MX_GPIO_Init) for MX_GPIO_Init
    main.o(.text.main) refers to main.o(.text.MX_DMA_Init) for MX_DMA_Init
    main.o(.text.main) refers to main.o(.text.MX_ADC1_Init) for MX_ADC1_Init
    main.o(.text.main) refers to main.o(.text.MX_TIM1_Init) for MX_TIM1_Init
    main.o(.text.main) refers to main.o(.text.MX_TIM2_Init) for MX_TIM2_Init
    main.o(.text.main) refers to main.o(.text.MX_USART1_UART_Init) for MX_USART1_UART_Init
    main.o(.text.main) refers to main.o(.bss.htim2) for htim2
    main.o(.text.main) refers to stm32f1xx_hal_tim.o(.text.HAL_TIM_PWM_Start) for HAL_TIM_PWM_Start
    main.o(.text.main) refers to stm32f1xx_hal.o(.text.HAL_Delay) for HAL_Delay
    main.o(.text.main) refers to main.o(.bss.htim1) for htim1
    main.o(.text.main) refers to stm32f1xx_hal_tim.o(.text.HAL_TIM_Base_Start_IT) for HAL_TIM_Base_Start_IT
    main.o(.text.main) refers to main.o(.bss.hadc1) for hadc1
    main.o(.text.main) refers to main.o(.bss.var) for var
    main.o(.text.main) refers to stm32f1xx_hal_adc.o(.text.HAL_ADC_Start_DMA) for HAL_ADC_Start_DMA
    main.o(.text.main) refers to main.o(.data.pwm_value) for pwm_value
    main.o(.text.main) refers to main.o(.bss.speech_max) for speech_max
    main.o(.text.main) refers to main.o(.bss.stop) for stop
    main.o(.text.main) refers to main.o(.bss.status) for status
    main.o(.text.main) refers to main.o(.bss.time) for time
    main.o(.ARM.exidx.text.main) refers to main.o(.text.main) for [Anonymous Symbol]
    main.o(.text.SystemClock_Config) refers to rt_memclr_w.o(.text) for __aeabi_memclr4
    main.o(.text.SystemClock_Config) refers to stm32f1xx_hal_rcc.o(.text.HAL_RCC_OscConfig) for HAL_RCC_OscConfig
    main.o(.text.SystemClock_Config) refers to main.o(.text.Error_Handler) for Error_Handler
    main.o(.text.SystemClock_Config) refers to stm32f1xx_hal_rcc.o(.text.HAL_RCC_ClockConfig) for HAL_RCC_ClockConfig
    main.o(.text.SystemClock_Config) refers to stm32f1xx_hal_rcc_ex.o(.text.HAL_RCCEx_PeriphCLKConfig) for HAL_RCCEx_PeriphCLKConfig
    main.o(.ARM.exidx.text.SystemClock_Config) refers to main.o(.text.SystemClock_Config) for [Anonymous Symbol]
    main.o(.text.MX_GPIO_Init) refers to stm32f1xx_hal_gpio.o(.text.HAL_GPIO_WritePin) for HAL_GPIO_WritePin
    main.o(.text.MX_GPIO_Init) refers to stm32f1xx_hal_gpio.o(.text.HAL_GPIO_Init) for HAL_GPIO_Init
    main.o(.ARM.exidx.text.MX_GPIO_Init) refers to main.o(.text.MX_GPIO_Init) for [Anonymous Symbol]
    main.o(.text.MX_DMA_Init) refers to stm32f1xx_hal_cortex.o(.text.HAL_NVIC_SetPriority) for HAL_NVIC_SetPriority
[...]
    [Anonymous Symbol]                       0x0800265c   Section        0  stm32f1xx_hal_rcc_ex.o(.text.HAL_RCCEx_PeriphCLKConfig)
    [Anonymous Symbol]                       0x08002824   Section        0  stm32f1xx_hal_rcc.o(.text.HAL_RCC_ClockConfig)
    [Anonymous Symbol]                       0x08002a7c   Section        0  stm32f1xx_hal_rcc.o(.text.HAL_RCC_GetHCLKFreq)
    [Anonymous Symbol]                       0x08002a88   Section        0  stm32f1xx_hal_rcc.o(.text.HAL_RCC_GetPCLK1Freq)
    [Anonymous Symbol]                       0x08002aac   Section        0  stm32f1xx_hal_rcc.o(.text.HAL_RCC_GetPCLK2Freq)
    [Anonymous Symbol]                       0x08002ad0   Section        0  stm32f1xx_hal_rcc.o(.text.HAL_RCC_GetSysClockFreq)
    [Anonymous Symbol]                       0x08002bb4   Section        0  stm32f1xx_hal_rcc.o(.text.HAL_RCC_OscConfig)
    [Anonymous Symbol]                       0x08003230   Section        0  stm32f1xx_hal_cortex.o(.text.HAL_SYSTICK_Config)
    [Anonymous Symbol]                       0x08003240   Section        0  stm32f1xx_hal_tim_ex.o(.text.HAL_TIMEx_BreakCallback)
    [Anonymous Symbol]                       0x08003248   Section        0  stm32f1xx_hal_tim_ex.o(.text.HAL_TIMEx_CommutCallback)
    [Anonymous Symbol]                       0x08003250   Section        0  stm32f1xx_hal_tim_ex.o(.text.HAL_TIMEx_MasterConfigSynchronization)
    [Anonymous Symbol]                       0x0800332c   Section        0  stm32f1xx_hal_tim.o(.text.HAL_TIM_Base_Init)
    [Anonymous Symbol]                       0x080033c8   Section        0  stm32f1xx_hal_msp.o(.text.HAL_TIM_Base_MspInit)
    [Anonymous Symbol]                       0x08003444   Section        0  stm32f1xx_hal_tim.o(.text.HAL_TIM_Base_Start_IT)
    [Anonymous Symbol]                       0x080034f4   Section        0  stm32f1xx_hal_tim.o(.text.HAL_TIM_ConfigClockSource)
    [Anonymous Symbol]                       0x0800366c   Section        0  stm32f1xx_hal_tim.o(.text.HAL_TIM_IC_CaptureCallback)
    [Anonymous Symbol]                       0x08003674   Section        0  stm32f1xx_hal_tim.o(.text.HAL_TIM_IRQHandler)
    [Anonymous Symbol]                       0x080038f0   Section        0  stm32f1xx_hal_msp.o(.text.HAL_TIM_MspPostInit)
    [Anonymous Symbol]                       0x080039b0   Section        0  stm32f1xx_hal_tim.o(.text.HAL_TIM_OC_DelayElapsedCallback)
    [Anonymous Symbol]                       0x080039b8   Section        0  stm32f1xx_hal_tim.o(.text.HAL_TIM_PWM_ConfigChannel)
    [Anonymous Symbol]                       0x08003aec   Section        0  stm32f1xx_hal_tim.o(.text.HAL_TIM_PWM_Init)
    [Anonymous Symbol]                       0x08003b88   Section        0  stm32f1xx_hal_tim.o(.text.HAL_TIM_PWM_MspInit)
    [Anonymous Symbol]                       0x08003b90   Section        0  stm32f1xx_hal_tim.o(.text.HAL_TIM_PWM_PulseFinishedCallback)
    [Anonymous Symbol]                       0x08003b98   Section        0  stm32f1xx_hal_tim.o(.text.HAL_TIM_PWM_Start)
    [Anonymous Symbol]                       0x08003cf8   Section        0  main.o(.text.HAL_TIM_PeriodElapsedCallback)
    [Anonymous Symbol]                       0x08003d88   Section        0  stm32f1xx_hal_tim.o(.text.HAL_TIM_TriggerCallback)
    [Anonymous Symbol]                       0x08003d90   Section        0  stm32f1xx_hal_uart.o(.text.HAL_UART_Init)
    [Anonymous Symbol]                       0x08003e2c   Section        0  stm32f1xx_hal_msp.o(.text.HAL_UART_MspInit)
    [Anonymous Symbol]                       0x08003ec4   Section        0  stm32f1xx_hal_uart.o(.text.HAL_UART_Transmit)
    [Anonymous Symbol]                       0x08004014   Section        0  stm32f1xx_it.o(.text.HardFault_Handler)
    MX_ADC1_Init                             0x08004019   Thumb Code   104  main.o(.text.MX_ADC1_Init)
    [Anonymous Symbol]                       0x08004018   Section        0  main.o(.text.MX_ADC1_Init)
    MX_DMA_Init                              0x08004081   Thumb Code    56  main.o(.text.MX_DMA_Init)
    [Anonymous Symbol]                       0x08004080   Section        0  main.o(.text.MX_DMA_Init)
    MX_GPIO_Init                             0x080040b9   Thumb Code   186  main.o(.text.MX_GPIO_Init)
    [Anonymous Symbol]                       0x080040b8   Section        0  main.o(.text.MX_GPIO_Init)
    MX_TIM1_Init                             0x08004175   Thumb Code   136  main.o(.text.MX_TIM1_Init)
    [Anonymous Symbol]                       0x08004174   Section        0  main.o(.text.MX_TIM1_Init)
    MX_TIM2_Init                             0x080041fd   Thumb Code   292  main.o(.text.MX_TIM2_Init)
    [Anonymous Symbol]                       0x080041fc   Section        0  main.o(.text.MX_TIM2_Init)
    MX_USART1_UART_Init                      0x08004321   Thumb Code    64  main.o(.text.MX_USART1_UART_Init)
    [Anonymous Symbol]                       0x08004320   Section        0  main.o(.text.MX_USART1_UART_Init)
    [Anonymous Symbol]                       0x08004360   Section        0  stm32f1xx_it.o(.text.MemManage_Handler)
    [Anonymous Symbol]                       0x08004364   Section        0  stm32f1xx_it.o(.text.NMI_Handler)
    NVIC_EncodePriority                      0x08004369   Thumb Code   108  stm32f1xx_hal_cortex.o(.text.NVIC_EncodePriority)
    [Anonymous Symbol]                       0x08004368   Section        0  stm32f1xx_hal_cortex.o(.text.NVIC_EncodePriority)
    [Anonymous Symbol]                       0x080043d4   Section        0  stm32f1xx_it.o(.text.PendSV_Handler)
    RCC_Delay                                0x080043d9   Thumb Code    58  stm32f1xx_hal_rcc.o(.text.RCC_Delay)
    [Anonymous Symbol]                       0x080043d8   Section        0  stm32f1xx_hal_rcc.o(.text.RCC_Delay)
    [Anonymous Symbol]                       0x08004414   Section        0  stm32f1xx_it.o(.text.SVC_Handler)
    SysTick_Config                           0x08004419   Thumb Code    82  stm32f1xx_hal_cortex.o(.text.SysTick_Config)
    [Anonymous Symbol]                       0x08004418   Section        0  stm32f1xx_hal_cortex.o(.text.SysTick_Config)
    [Anonymous Symbol]                       0x0800446c   Section        0  stm32f1xx_it.o(.text.SysTick_Handler)
    [Anonymous Symbol]                       0x08004474   Section        0  main.o(.text.SystemClock_Config)
    [Anonymous Symbol]                       0x08004504   Section        0  system_stm32f1xx.o(.text.SystemInit)
    [Anonymous Symbol]                       0x08004508   Section        0  stm32f1xx_it.o(.text.TIM1_UP_IRQHandler)
    [Anonymous Symbol]                       0x08004518   Section        0  stm32f1xx_hal_tim.o(.text.TIM_Base_SetConfig)
    [Anonymous Symbol]                       0x08004608   Section        0  stm32f1xx_hal_tim.o(.text.TIM_CCxChannelCmd)
    [Anonymous Symbol]                       0x08004640   Section        0  stm32f1xx_hal_tim.o(.text.TIM_ETR_SetConfig)
    TIM_ITRx_SetConfig                       0x08004675   Thumb Code    42  stm32f1xx_hal_tim.o(.text.TIM_ITRx_SetConfig)
    [Anonymous Symbol]                       0x08004674   Section        0  stm32f1xx_hal_tim.o(.text.TIM_ITRx_SetConfig)
    TIM_OC1_SetConfig                        0x080046a1   Thumb Code   206  stm32f1xx_hal_tim.o(.text.TIM_OC1_SetConfig)
    [Anonymous Symbol]                       0x080046a0   Section        0  stm32f1xx_hal_tim.o(.text.TIM_OC1_SetConfig)
    [Anonymous Symbol]                       0x08004770   Section        0  stm32f1xx_hal_tim.o(.text.TIM_OC2_SetConfig)
    TIM_OC3_SetConfig                        0x08004849   Thumb Code   214  stm32f1xx_hal_tim.o(.text.TIM_OC3_SetConfig)
    [Anonymous Symbol]                       0x08004848   Section        0  stm32f1xx_hal_tim.o(.text.TIM_OC3_SetConfig)
    TIM_OC4_SetConfig                        0x08004921   Thumb Code   150  stm32f1xx_hal_tim.o(.text.TIM_OC4_SetConfig)
    [Anonymous Symbol]                       0x08004920   Section        0  stm32f1xx_hal_tim.o(.text.TIM_OC4_SetConfig)
    TIM_TI1_ConfigInputStage                 0x080049b9   Thumb Code    80  stm32f1xx_hal_tim.o(.text.TIM_TI1_ConfigInputStage)
    [Anonymous Symbol]                       0x080049b8   Section        0  stm32f1xx_hal_tim.o(.text.TIM_TI1_ConfigInputStage)
    TIM_TI2_ConfigInputStage                 0x08004a09   Thumb Code    82  stm32f1xx_hal_tim.o(.text.TIM_TI2_ConfigInputStage)
    [Anonymous Symbol]                       0x08004a08   Section        0  stm32f1xx_hal_tim.o(.text.TIM_TI2_ConfigInputStage)
    UART_SetConfig                           0x08004a5d   Thumb Code   186  stm32f1xx_hal_uart.o(.text.UART_SetConfig)
    [Anonymous Symbol]                       0x08004a5c   Section        0  stm32f1xx_hal_uart.o(.text.UART_SetConfig)
    UART_WaitOnFlagUntilTimeout              0x08004b19   Thumb Code   156  stm32f1xx_hal_uart.o(.text.UART_WaitOnFlagUntilTimeout)
    [Anonymous Symbol]                       0x08004b18   Section        0  stm32f1xx_hal_uart.o(.text.UART_WaitOnFlagUntilTimeout)
    [Anonymous Symbol]                       0x08004bb4   Section        0  stm32f1xx_it.o(.text.UsageFault_Handler)
    __NVIC_EnableIRQ                         0x08004bb9   Thumb Code    48  stm32f1xx_hal_cortex.o(.text.__NVIC_EnableIRQ)
    [Anonymous Symbol]                       0x08004bb8   Section        0  stm32f1xx_hal_cortex.o(.text.__NVIC_EnableIRQ)
    __NVIC_GetPriorityGrouping               0x08004be9   Thumb Code    16  stm32f1xx_hal_cortex.o(.text.__NVIC_GetPriorityGrouping)
    [Anonymous Symbol]                       0x08004be8   Section        0  stm32f1xx_hal_cortex.o(.text.__NVIC_GetPriorityGrouping)
    __NVIC_SetPriority                       0x08004bf9   Thumb Code    66  stm32f1xx_hal_cortex.o(.text.__NVIC_SetPriority)
    [Anonymous Symbol]                       0x08004bf8   Section        0  stm32f1xx_hal_cortex.o(.text.__NVIC_SetPriority)
    __NVIC_SetPriorityGrouping               0x08004c3d   Thumb Code    60  stm32f1xx_hal_cortex.o(.text.__NVIC_SetPriorityGrouping)
    [Anonymous Symbol]                       0x08004c3c   Section        0  stm32f1xx_hal_cortex.o(.text.__NVIC_SetPriorityGrouping)
    [Anonymous Symbol]                       0x08004c78   Section        0  main.o(.text.main)
    CL$$btod_d2e                             0x08004e94   Section       62  btod.o(CL$$btod_d2e)
    CL$$btod_d2e_denorm_low                  0x08004ed2   Section       70  btod.o(CL$$btod_d2e_denorm_low)
    CL$$btod_d2e_norm_op1                    0x08004f18   Section       96  btod.o(CL$$btod_d2e_norm_op1)
    CL$$btod_div_common                      0x08004f78   Section      824  btod.o(CL$$btod_div_common)
    CL$$btod_e2e                             0x080052b0   Section      220  btod.o(CL$$btod_e2e)
    CL$$btod_ediv                            0x0800538c   Section       42  btod.o(CL$$btod_ediv)
    CL$$btod_emul                            0x080053b6   Section       42  btod.o(CL$$btod_emul)
    CL$$btod_mult_common                     0x080053e0   Section      580  btod.o(CL$$btod_mult_common)
    i.__ARM_fpclassify                       0x08005624   Section        0  fpclassify.o(i.__ARM_fpclassify)
    i._is_digit                              0x0800564c   Section        0  __printf_wp.o(i._is_digit)
    locale$$code                             0x0800565c   Section       44  lc_numeric_c.o(locale$$code)
    locale$$code                             0x08005688   Section       44  lc_ctype_c.o(locale$$code)
    x$fpl$dretinf                            0x080056b4   Section       12  dretinf.o(x$fpl$dretinf)
    x$fpl$f2d                                0x080056c0   Section       86  f2d.o(x$fpl$f2d)
    x$fpl$ffltu                              0x08005718   Section       38  fflt_clz.o(x$fpl$ffltu)
    x$fpl$fmul                               0x08005740   Section      258  fmul.o(x$fpl$fmul)
    x$fpl$fnaninf                            0x08005842   Section      140  fnaninf.o(x$fpl$fnaninf)
    x$fpl$fretinf                            0x080058ce   Section       10  fretinf.o(x$fpl$fretinf)
    x$fpl$printf1                            0x080058d8   Section        4  printf1.o(x$fpl$printf1)
    x$fpl$printf2                            0x080058dc   Section        4  printf2.o(x$fpl$printf2)
    initial_mbstate                          0x080058e0   Data           8  _printf_wctomb.o(.constdata)
    .constdata                               0x080058e0   Section        8  _printf_wctomb.o(.constdata)
    x$fpl$usenofp                            0x080058e0   Section        0  usenofp.o(x$fpl$usenofp)
    uc_hextab                                0x080058e8   Data          20  _printf_hex_int_ll_ptr.o(.constdata)
    .constdata                               0x080058e8   Section       40  _printf_hex_int_ll_ptr.o(.constdata)
    lc_hextab                                0x080058fc   Data          20  _printf_hex_int_ll_ptr.o(.constdata)
    maptable                                 0x08005910   Data          17  __printf_flags_ss_wp.o(.constdata)
    .constdata                               0x08005910   Section       17  __printf_flags_ss_wp.o(.constdata)
    lc_hextab                                0x08005921   Data          19  _printf_fp_hex.o(.constdata)
    .constdata                               0x08005921   Section       38  _printf_fp_hex.o(.constdata)
    uc_hextab                                0x08005934   Data          19  _printf_fp_hex.o(.constdata)
    tenpwrs_x                                0x08005948   Data          60  bigflt0.o(.constdata)
    .constdata                               0x08005948   Section      148  bigflt0.o(.constdata)
    tenpwrs_i                                0x08005984   Data          64  bigflt0.o(.constdata)
    .L.str                                   0x080059f4   Data           8  main.o(.rodata.str1.1)
    [Anonymous Symbol]                       0x080059f4   Section        0  main.o(.rodata.str1.1)
    locale$$data                             0x08005a1c   Section       28  lc_numeric_c.o(locale$$data)
    __lcnum_c_name                           0x08005a20   Data           2  lc_numeric_c.o(locale$$data)
    __lcnum_c_start                          0x08005a28   Data           0  lc_numeric_c.o(locale$$data)
    __lcnum_c_point                          0x08005a34   Data           0  lc_numeric_c.o(locale$$data)
    __lcnum_c_thousands                      0x08005a36   Data           0  lc_numeric_c.o(locale$$data)
    __lcnum_c_grouping                       0x08005a37   Data           0  lc_numeric_c.o(locale$$data)
    __lcnum_c_end                            0x08005a38   Data           0  lc_numeric_c.o(locale$$data)
    locale$$data                             0x08005a38   Section      272  lc_ctype_c.o(locale$$data)
    __lcctype_c_name                         0x08005a3c   Data           2  lc_ctype_c.o(locale$$data)
    __lcctype_c_start                        0x08005a44   Data           0  lc_ctype_c.o(locale$$data)
    __lcctype_c_end                          0x08005b48   Data           0  lc_ctype_c.o(locale$$data)
    .bss                                     0x20000010   Section       96  libspace.o(.bss)
    Heap_Mem                                 0x200001d0   Data         512  startup_stm32f103xb.o(HEAP)
    HEAP                                     0x200001d0   Section      512  startup_stm32f103xb.o(HEAP)
    Stack_Mem                                0x200003d0   Data        1024  startup_stm32f103xb.o(STACK)
    STACK                                    0x200003d0   Section     1024  startup_stm32f103xb.o(STACK)
    __initial_sp                             0x200007d0   Data           0  startup_stm32f103xb.o(STACK)

    Global Symbols

    Symbol Name                              Value     Ov Type        Size  Object(Section)

    BuildAttributes$$THM_ISAv4$P$D$K$B$S$PE$A:L22UL41UL21$X:L11$S22US41US21$IEEE1$IW$~IW$USESV6$~STKCKD$USESV7$~SHL$OTIME$ROPI$IEEEJ$EBA8$UX$STANDARDLIB$REQ8$PRES8$EABIv2 0x00000000   Number         0  anon$$obj.o ABSOLUTE
    __fp_init_empty                          0x00000000   Number         0  fpinit_empty.o ABSOLUTE
    _printf_flags                            0x00000000   Number         0  printf_stubs.o ABSOLUTE
    _printf_return_value                     0x00000000   Number         0  printf_stubs.o ABSOLUTE
    _printf_sizespec                         0x00000000   Number         0  printf_stubs.o ABSOLUTE
    _printf_widthprec                        0x00000000   Number         0  printf_stubs.o ABSOLUTE
    __ARM_exceptions_init                     - Undefined Weak Reference
    __alloca_initialize                       - Undefined Weak Reference
    __arm_preinit_                            - Undefined Weak Reference
    __arm_relocate_pie_                       - Undefined Weak Reference
    __cpp_initialize__aeabi_                  - Undefined Weak Reference
    __cxa_finalize                            - Undefined Weak Reference
    __sigvec_lookup                           - Undefined Weak Reference
    _atexit_init                              - Undefined Weak Reference
    _call_atexit_fns                          - Undefined Weak Reference
    _clock_init                               - Undefined Weak Reference
    _fp_trap_init                             - Undefined Weak Reference
    _fp_trap_shutdown                         - Undefined Weak Reference
    _get_lc_collate                           - Undefined Weak Reference
    _get_lc_monetary                          - Undefined Weak Reference
    _get_lc_time                              - Undefined Weak Reference
    _getenv_init                              - Undefined Weak Reference
    _handle_redirection                       - Undefined Weak Reference
    _init_alloc                               - Undefined Weak Reference
    _init_user_alloc                          - Undefined Weak Reference
    _initio                                   - Undefined Weak Reference
    _printf_mbtowc                            - Undefined Weak Reference
    _printf_wc                                - Undefined Weak Reference
    _rand_init                                - Undefined Weak Reference
    _signal_finish                            - Undefined Weak Reference
    _signal_init                              - Undefined Weak Reference
    _terminate_alloc                          - Undefined Weak Reference
    _terminate_user_alloc                     - Undefined Weak Reference
    _terminateio                              - Undefined Weak Reference
    __Vectors_Size                           0x000000ec   Number         0  startup_stm32f103xb.o ABSOLUTE
    __Vectors                                0x08000000   Data           4  startup_stm32f103xb.o(RESET)
    __Vectors_End                            0x080000ec   Data           0  startup_stm32f103xb.o(RESET)
    __main                                   0x080000ed   Thumb Code     8  __main.o(!!!main)
    __scatterload                            0x080000f5   Thumb Code     0  __scatter.o(!!!scatter)
    __scatterload_rt2                        0x080000f5   Thumb Code    44  __scatter.o(!!!scatter)
    __scatterload_rt2_thumb_only             0x080000f5   Thumb Code     0  __scatter.o(!!!scatter)
    __scatterload_null                       0x08000103   Thumb Code     0  __scatter.o(!!!scatter)
    __scatterload_copy                       0x08000129   Thumb Code    26  __scatter_copy.o(!!handler_copy)
    __scatterload_zeroinit                   0x08000145   Thumb Code    28  __scatter_zi.o(!!handler_zi)
    _printf_n                                0x08000161   Thumb Code     0  _printf_n.o(.ARM.Collect$$_printf_percent$$00000001)
    _printf_percent                          0x08000161   Thumb Code     0  _printf_percent.o(.ARM.Collect$$_printf_percent$$00000000)
    _printf_p                                0x08000167   Thumb Code     0  _printf_p.o(.ARM.Collect$$_printf_percent$$00000002)
    _printf_f                                0x0800016d   Thumb Code     0  _printf_f.o(.ARM.Collect$$_printf_percent$$00000003)
    _printf_e                                0x08000173   Thumb Code     0  _printf_e.o(.ARM.Collect$$_printf_percent$$00000004)
    _printf_g                                0x08000179   Thumb Code     0  _printf_g.o(.ARM.Collect$$_printf_percent$$00000005)
    _printf_a                                0x0800017f   Thumb Code     0  _printf_a.o(.ARM.Collect$$_printf_percent$$00000006)
    _printf_ll                               0x08000185   Thumb Code     0  _printf_ll.o(.ARM.Collect$$_printf_percent$$00000007)
    _printf_i                                0x0800018f   Thumb Code     0  _printf_i.o(.ARM.Collect$$_printf_percent$$00000008)
    _printf_d                                0x08000195   Thumb Code     0  _printf_d.o(.ARM.Collect$$_printf_percent$$00000009)
    _printf_u                                0x0800019b   Thumb Code     0  _printf_u.o(.ARM.Collect$$_printf_percent$$0000000A)
    _printf_o                                0x080001a1   Thumb Code     0  _printf_o.o(.ARM.Collect$$_printf_percent$$0000000B)
    _printf_x                                0x080001a7   Thumb Code     0  _printf_x.o(.ARM.Collect$$_printf_percent$$0000000C)
    _printf_lli                              0x080001ad   Thumb Code     0  _printf_lli.o(.ARM.Collect$$_printf_percent$$0000000D)
    _printf_lld                              0x080001b3   Thumb Code     0  _printf_lld.o(.ARM.Collect$$_printf_percent$$0000000E)
    _printf_llu                              0x080001b9   Thumb Code     0  _printf_llu.o(.ARM.Collect$$_printf_percent$$0000000F)
    _printf_llo                              0x080001bf   Thumb Code     0  _printf_llo.o(.ARM.Collect$$_printf_percent$$00000010)
    _printf_llx                              0x080001c5   Thumb Code     0  _printf_llx.o(.ARM.Collect$$_printf_percent$$00000011)
    _printf_l                                0x080001cb   Thumb Code     0  _printf_l.o(.ARM.Collect$$_printf_percent$$00000012)
    _printf_c                                0x080001d5   Thumb Code     0  _printf_c.o(.ARM.Collect$$_printf_percent$$00000013)
    _printf_s                                0x080001db   Thumb Code     0  _printf_s.o(.ARM.Collect$$_printf_percent$$00000014)
    _printf_lc                               0x080001e1   Thumb Code     0  _printf_lc.o(.ARM.Collect$$_printf_percent$$00000015)
    _printf_ls                               0x080001e7   Thumb Code     0  _printf_ls.o(.ARM.Collect$$_printf_percent$$00000016)
    _printf_percent_end                      0x080001ed   Thumb Code     0  _printf_percent_end.o(.ARM.Collect$$_printf_percent$$00000017)
    __rt_lib_init                            0x080001f1   Thumb Code     0  libinit.o(.ARM.Collect$$libinit$$00000000)
    __rt_lib_init_fp_1                       0x080001f3   Thumb Code     0  libinit2.o(.ARM.Collect$$libinit$$00000002)
    __rt_lib_init_heap_1                     0x080001f3   Thumb Code     0  libinit2.o(.ARM.Collect$$libinit$$0000000C)
    __rt_lib_init_lc_common                  0x080001f3   Thumb Code     0  libinit2.o(.ARM.Collect$$libinit$$00000011)
    __rt_lib_init_preinit_1                  0x080001f3   Thumb Code     0  libinit2.o(.ARM.Collect$$libinit$$00000006)
    __rt_lib_init_rand_1                     0x080001f3   Thumb Code     0  libinit2.o(.ARM.Collect$$libinit$$00000010)
    __rt_lib_init_relocate_pie_1             0x080001f3   Thumb Code     0  libinit2.o(.ARM.Collect$$libinit$$00000004)
    __rt_lib_init_user_alloc_1               0x080001f3   Thumb Code     0  libinit2.o(.ARM.Collect$$libinit$$0000000E)
    __rt_lib_init_lc_collate_1               0x080001f9   Thumb Code     0  libinit2.o(.ARM.Collect$$libinit$$00000013)
    __rt_lib_init_lc_ctype_2                 0x080001f9   Thumb Code     0  libinit2.o(.ARM.Collect$$libinit$$00000014)
    __rt_lib_init_lc_ctype_1                 0x08000205   Thumb Code     0  libinit2.o(.ARM.Collect$$libinit$$00000015)
    __rt_lib_init_lc_monetary_1              0x08000205   Thumb Code     0  libinit2.o(.ARM.Collect$$libinit$$00000017)
    __rt_lib_init_lc_numeric_2               0x08000205   Thumb Code     0  libinit2.o(.ARM.Collect$$libinit$$00000018)
    __rt_lib_init_alloca_1                   0x0800020f   Thumb Code     0  libinit2.o(.ARM.Collect$$libinit$$00000030)
    __rt_lib_init_argv_1                     0x0800020f   Thumb Code     0  libinit2.o(.ARM.Collect$$libinit$$0000002E)
    __rt_lib_init_atexit_1                   0x0800020f   Thumb Code     0  libinit2.o(.ARM.Collect$$libinit$$0000001D)
    __rt_lib_init_clock_1                    0x0800020f   Thumb Code     0  libinit2.o(.ARM.Collect$$libinit$$00000023)
    __rt_lib_init_cpp_1                      0x0800020f   Thumb Code     0  libinit2.o(.ARM.Collect$$libinit$$00000034)
    __rt_lib_init_exceptions_1               0x0800020f   Thumb Code     0  libinit2.o(.ARM.Collect$$libinit$$00000032)
    __rt_lib_init_fp_trap_1                  0x0800020f   Thumb Code     0  libinit2.o(.ARM.Collect$$libinit$$00000021)
    __rt_lib_init_getenv_1                   0x0800020f   Thumb Code     0  libinit2.o(.ARM.Collect$$libinit$$00000025)
    __rt_lib_init_lc_numeric_1               0x0800020f   Thumb Code     0  libinit2.o(.ARM.Collect$$libinit$$00000019)
    __rt_lib_init_lc_time_1                  0x0800020f   Thumb Code     0  libinit2.o(.ARM.Collect$$libinit$$0000001B)
    __rt_lib_init_return                     0x0800020f   Thumb Code     0  libinit2.o(.ARM.Collect$$libinit$$00000035)
    __rt_lib_init_signal_1                   0x0800020f   Thumb Code     0  libinit2.o(.ARM.Collect$$libinit$$0000001F)
    __rt_lib_init_stdio_1                    0x0800020f   Thumb Code     0  libinit2.o(.ARM.Collect$$libinit$$00000027)
    __rt_lib_shutdown                        0x08000211   Thumb Code     0  libshutdown.o(.ARM.Collect$$libshutdown$$00000000)
    __rt_lib_shutdown_cpp_1                  0x08000213   Thumb Code     0  libshutdown2.o(.ARM.Collect$$libshutdown$$00000002)
    __rt_lib_shutdown_fp_trap_1              0x08000213   Thumb Code     0  libshutdown2.o(.ARM.Collect$$libshutdown$$00000007)
    __rt_lib_shutdown_heap_1                 0x08000213   Thumb Code     0  libshutdown2.o(.ARM.Collect$$libshutdown$$0000000F)
    __rt_lib_shutdown_return                 0x08000213   Thumb Code     0  libshutdown2.o(.ARM.Collect$$libshutdown$$00000010)
    __rt_lib_shutdown_signal_1               0x08000213   Thumb Code     0  libshutdown2.o(.ARM.Collect$$libshutdown$$0000000A)
    __rt_lib_shutdown_stdio_1                0x08000213   Thumb Code     0  libshutdown2.o(.ARM.Collect$$libshutdown$$00000004)
    __rt_lib_shutdown_user_alloc_1           0x08000213   Thumb Code     0  libshutdown2.o(.ARM.Collect$$libshutdown$$0000000C)
    __rt_entry                               0x08000215   Thumb Code     0  __rtentry.o(.ARM.Collect$$rtentry$$00000000)
    __rt_entry_presh_1                       0x08000215   Thumb Code     0  __rtentry2.o(.ARM.Collect$$rtentry$$00000002)
    __rt_entry_sh                            0x08000215   Thumb Code     0  __rtentry4.o(.ARM.Collect$$rtentry$$00000004)
    __rt_entry_li                            0x0800021b   Thumb Code     0  __rtentry2.o(.ARM.Collect$$rtentry$$0000000A)
    __rt_entry_postsh_1                      0x0800021b   Thumb Code     0  __rtentry2.o(.ARM.Collect$$rtentry$$00000009)
    __rt_entry_main                          0x0800021f   Thumb Code     0  __rtentry2.o(.ARM.Collect$$rtentry$$0000000D)
    __rt_entry_postli_1                      0x0800021f   Thumb Code     0  __rtentry2.o(.ARM.Collect$$rtentry$$0000000C)
    __rt_exit                                0x08000227   Thumb Code     0  rtexit.o(.ARM.Collect$$rtexit$$00000000)
    __rt_exit_ls                             0x08000229   Thumb Code     0  rtexit2.o(.ARM.Collect$$rtexit$$00000003)
    __rt_exit_prels_1                        0x08000229   Thumb Code     0  rtexit2.o(.ARM.Collect$$rtexit$$00000002)
    __rt_exit_exit                           0x0800022d   Thumb Code     0  rtexit2.o(.ARM.Collect$$rtexit$$00000004)
    Reset_Handler                            0x08000235   Thumb Code     8  startup_stm32f103xb.o(.text)
    ADC1_2_IRQHandler                        0x0800024f   Thumb Code     0  startup_stm32f103xb.o(.text)
    CAN1_RX1_IRQHandler                      0x0800024f   Thumb Code     0  startup_stm32f103xb.o(.text)
    CAN1_SCE_IRQHandler                      0x0800024f   Thumb Code     0  startup_stm32f103xb.o(.text)
    DMA1_Channel2_IRQHandler                 0x0800024f   Thumb Code     0  startup_stm32f103xb.o(.text)
    DMA1_Channel3_IRQHandler                 0x0800024f   Thumb Code     0  startup_stm32f103xb.o(.text)
    DMA1_Channel4_IRQHandler                 0x0800024f   Thumb Code     0  startup_stm32f103xb.o(.text)
    DMA1_Channel5_IRQHandler                 0x0800024f   Thumb Code     0  startup_stm32f103xb.o(.text)
    DMA1_Channel6_IRQHandler                 0x0800024f   Thumb Code     0  startup_stm32f103xb.o(.text)
    DMA1_Channel7_IRQHandler                 0x0800024f   Thumb Code     0  startup_stm32f103xb.o(.text)
    EXTI0_IRQHandler                         0x0800024f   Thumb Code     0  startup_stm32f103xb.o(.text)
    EXTI15_10_IRQHandler                     0x0800024f   Thumb Code     0  startup_stm32f103xb.o(.text)
    EXTI1_IRQHandler                         0x0800024f   Thumb Code     0  startup_stm32f103xb.o(.text)
    EXTI2_IRQHandler                         0x0800024f   Thumb Code     0  startup_stm32f103xb.o(.text)
    EXTI3_IRQHandler                         0x0800024f   Thumb Code     0  startup_stm32f103xb.o(.text)
    EXTI4_IRQHandler                         0x0800024f   Thumb Code     0  startup_stm32f103xb.o(.text)
    EXTI9_5_IRQHandler                       0x0800024f   Thumb Code     0  startup_stm32f103xb.o(.text)
    FLASH_IRQHandler                         0x0800024f   Thumb Code     0  startup_stm32f103xb.o(.text)
    I2C1_ER_IRQHandler                       0x0800024f   Thumb Code     0  startup_stm32f103xb.o(.text)
    I2C1_EV_IRQHandler                       0x0800024f   Thumb Code     0  startup_stm32f103xb.o(.text)
    I2C2_ER_IRQHandler                       0x0800024f   Thumb Code     0  startup_stm32f103xb.o(.text)
    I2C2_EV_IRQHandler                       0x0800024f   Thumb Code     0  startup_stm32f103xb.o(.text)
    PVD_IRQHandler                           0x0800024f   Thumb Code     0  startup_stm32f103xb.o(.text)
    RCC_IRQHandler                           0x0800024f   Thumb Code     0  startup_stm32f103xb.o(.text)
    RTC_Alarm_IRQHandler                     0x0800024f   Thumb Code     0  startup_stm32f103xb.o(.text)
    RTC_IRQHandler                           0x0800024f   Thumb Code     0  startup_stm32f103xb.o(.text)
    SPI1_IRQHandler                          0x0800024f   Thumb Code     0  startup_stm32f103xb.o(.text)
    SPI2_IRQHandler                          0x0800024f   Thumb Code     0  startup_stm32f103xb.o(.text)
    TAMPER_IRQHandler                        0x0800024f   Thumb Code     0  startup_stm32f103xb.o(.text)
    TIM1_BRK_IRQHandler                      0x0800024f   Thumb Code     0  startup_stm32f103xb.o(.text)
    TIM1_CC_IRQHandler                       0x0800024f   Thumb Code     0  startup_stm32f103xb.o(.text)
    TIM1_TRG_COM_IRQHandler                  0x0800024f   Thumb Code     0  startup_stm32f103xb.o(.text)
    TIM2_IRQHandler                          0x0800024f   Thumb Code     0  startup_stm32f103xb.o(.text)
    TIM3_IRQHandler                          0x0800024f   Thumb Code     0  startup_stm32f103xb.o(.text)
    TIM4_IRQHandler                          0x0800024f   Thumb Code     0  startup_stm32f103xb.o(.text)
    USART1_IRQHandler                        0x0800024f   Thumb Code     0  startup_stm32f103xb.o(.text)
    USART2_IRQHandler                        0x0800024f   Thumb Code     0  startup_stm32f103xb.o(.text)
    USART3_IRQHandler                        0x0800024f   Thumb Code     0  startup_stm32f103xb.o(.text)
    USBWakeUp_IRQHandler                     0x0800024f   Thumb Code     0  startup_stm32f103xb.o(.text)
    USB_HP_CAN1_TX_IRQHandler                0x0800024f   Thumb Code     0  startup_stm32f103xb.o(.text)
    USB_LP_CAN1_RX0_IRQHandler               0x0800024f   Thumb Code     0  startup_stm32f103xb.o(.text)
    WWDG_IRQHandler                          0x0800024f   Thumb Code     0  startup_stm32f103xb.o(.text)
    __user_initial_stackheap                 0x08000251   Thumb Code     0  startup_stm32f103xb.o(.text)
    sprintf                                  0x08000275   Thumb Code    38  sprintf.o(.text)
    strlen                                   0x080002a1   Thumb Code    62  strlen.o(.text)
    __aeabi_memclr4                          0x080002df   Thumb Code     0  rt_memclr_w.o(.text)
    __aeabi_memclr8                          0x080002df   Thumb Code     0  rt_memclr_w.o(.text)
    __rt_memclr_w                            0x080002df   Thumb Code     0  rt_memclr_w.o(.text)
    _memset_w                                0x080002e3   Thumb Code    74  rt_memclr_w.o(.text)
    __use_two_region_memory                  0x0800032d   Thumb Code     2  heapauxi.o(.text)
    __rt_heap_escrow$2region                 0x0800032f   Thumb Code     2  heapauxi.o(.text)
    __rt_heap_expand$2region                 0x08000331   Thumb Code     2  heapauxi.o(.text)
    _printf_pre_padding                      0x08000333   Thumb Code    44  _printf_pad.o(.text)
    _printf_post_padding                     0x0800035f   Thumb Code    34  _printf_pad.o(.text)
    _printf_truncate_signed                  0x08000381   Thumb Code    18  _printf_truncate.o(.text)
    _printf_truncate_unsigned                0x08000393   Thumb Code    18  _printf_truncate.o(.text)
    _printf_str                              0x080003a5   Thumb Code    82  _printf_str.o(.text)
    _printf_int_dec                          0x080003f9   Thumb Code   104  _printf_dec.o(.text)
    _printf_charcount                        0x08000471   Thumb Code    40  _printf_charcount.o(.text)
    _printf_char_common                      0x080004a3   Thumb Code    32  _printf_char_common.o(.text)
    _sputc                                   0x080004c9   Thumb Code    10  _sputc.o(.text)
    _printf_wctomb                           0x080004d5   Thumb Code   182  _printf_wctomb.o(.text)
    _printf_longlong_dec                     0x08000591   Thumb Code   108  _printf_longlong_dec.o(.text)
    _printf_longlong_oct                     0x0800060d   Thumb Code    68  _printf_oct_int_ll.o(.text)
    _printf_int_oct                          0x08000651   Thumb Code    24  _printf_oct_int_ll.o(.text)
    _printf_ll_oct                           0x08000669   Thumb Code    12  _printf_oct_int_ll.o(.text)
    _printf_longlong_hex                     0x0800067d   Thumb Code    86  _printf_hex_int_ll_ptr.o(.text)
    _printf_int_hex                          0x080006d3   Thumb Code    28  _printf_hex_int_ll_ptr.o(.text)
    _printf_ll_hex                           0x080006ef   Thumb Code    12  _printf_hex_int_ll_ptr.o(.text)
    _printf_hex_ptr                          0x080006fb   Thumb Code    18  _printf_hex_int_ll_ptr.o(.text)
    __printf                                 0x08000711   Thumb Code   388  __printf_flags_ss_wp.o(.text)
    _ll_udiv10                               0x08000899   Thumb Code   138  lludiv10.o(.text)
    _printf_int_common                       0x08000923   Thumb Code   178  _printf_intcommon.o(.text)
    _printf_fp_dec_real                      0x08000b85   Thumb Code   620  _printf_fp_dec.o(.text)
    _printf_fp_hex_real                      0x08000df1   Thumb Code   756  _printf_fp_hex.o(.text)
    _printf_cs_common                        0x080010ed   Thumb Code    20  _printf_char.o(.text)
    _printf_char                             0x08001101   Thumb Code    16  _printf_char.o(.text)
    _printf_string                           0x08001111   Thumb Code     8  _printf_char.o(.text)
    _printf_lcs_common                       0x08001119   Thumb Code    20  _printf_wchar.o(.text)
    _printf_wchar                            0x0800112d   Thumb Code    16  _printf_wchar.o(.text)
    _printf_wstring                          0x0800113d   Thumb Code     8  _printf_wchar.o(.text)
    _c16rtomb                                0x08001145   Thumb Code    72  _c16rtomb.o(.text)
    _wcrtomb                                 0x08001145   Thumb Code     0  _c16rtomb.o(.text)
    __user_setup_stackheap                   0x0800118d   Thumb Code    74  sys_stackheap_outer.o(.text)
    __rt_ctype_table                         0x080011d9   Thumb Code    16  rt_ctype_table.o(.text)
    __rt_locale                              0x080011e9   Thumb Code     8  rt_locale_intlibspace.o(.text)
    _printf_fp_infnan                        0x080011f1   Thumb Code   112  _printf_fp_infnan.o(.text)
    _btod_etento                             0x08001271   Thumb Code   224  bigflt0.o(.text)
    exit                                     0x08001355   Thumb Code    18  exit.o(.text)
    __user_libspace                          0x08001369   Thumb Code     8  libspace.o(.text)
    __user_perproc_libspace                  0x08001369   Thumb Code     0  libspace.o(.text)
    __user_perthread_libspace                0x08001369   Thumb Code     0  libspace.o(.text)
    strcmp                                   0x08001371   Thumb Code   128  strcmpv7m.o(.text)
    _sys_exit                                0x080013f1   Thumb Code     8  sys_exit.o(.text)
    __I$use$semihosting                      0x080013fd   Thumb Code     0  use_no_semi.o(.text)
    __use_no_semihosting_swi                 0x080013fd   Thumb Code     2  use_no_semi.o(.text)
    __semihosting_library_function           0x080013ff   Thumb Code     0  indicate_semi.o(.text)
    ADC_ConversionStop_Disable               0x08001401   Thumb Code   130  stm32f1xx_hal_adc.o(.text.ADC_ConversionStop_Disable)
    ADC_DMAConvCplt                          0x08001485   Thumb Code   120  stm32f1xx_hal_adc.o(.text.ADC_DMAConvCplt)
    ADC_DMAError                             0x080014fd   Thumb Code    42  stm32f1xx_hal_adc.o(.text.ADC_DMAError)
    ADC_DMAHalfConvCplt                      0x08001529   Thumb Code    22  stm32f1xx_hal_adc.o(.text.ADC_DMAHalfConvCplt)
    ADC_Enable                               0x08001541   Thumb Code   188  stm32f1xx_hal_adc.o(.text.ADC_Enable)
    BusFault_Handler                         0x080015fd   Thumb Code     4  stm32f1xx_it.o(.text.BusFault_Handler)
    DMA1_Channel1_IRQHandler                 0x08001601   Thumb Code    16  stm32f1xx_it.o(.text.DMA1_Channel1_IRQHandler)
    DebugMon_Handler                         0x08001661   Thumb Code     2  stm32f1xx_it.o(.text.DebugMon_Handler)
    Error_Handler                            0x08001665   Thumb Code    14  main.o(.text.Error_Handler)
    HAL_ADC_ConfigChannel                    0x08001675   Thumb Code   436  stm32f1xx_hal_adc.o(.text.HAL_ADC_ConfigChannel)
    HAL_ADC_ConvCpltCallback                 0x08001829   Thumb Code     8  stm32f1xx_hal_adc.o(.text.HAL_ADC_ConvCpltCallback)
    HAL_ADC_ConvHalfCpltCallback             0x08001831   Thumb Code     8  stm32f1xx_hal_adc.o(.text.HAL_ADC_ConvHalfCpltCallback)
    HAL_ADC_ErrorCallback                    0x08001839   Thumb Code     8  stm32f1xx_hal_adc.o(.text.HAL_ADC_ErrorCallback)
    HAL_ADC_Init                             0x08001841   Thumb Code   530  stm32f1xx_hal_adc.o(.text.HAL_ADC_Init)
    HAL_ADC_MspInit                          0x08001a55   Thumb Code   202  stm32f1xx_hal_msp.o(.text.HAL_ADC_MspInit)
    HAL_ADC_Start_DMA                        0x08001b21   Thumb Code   550  stm32f1xx_hal_adc.o(.text.HAL_ADC_Start_DMA)
    HAL_DMA_IRQHandler                       0x08001d49   Thumb Code   646  stm32f1xx_hal_dma.o(.text.HAL_DMA_IRQHandler)
    HAL_DMA_Init                             0x08001fd1   Thumb Code   174  stm32f1xx_hal_dma.o(.text.HAL_DMA_Init)
    HAL_DMA_Start_IT                         0x08002081   Thumb Code   202  stm32f1xx_hal_dma.o(.text.HAL_DMA_Start_IT)
    HAL_Delay                                0x0800214d   Thumb Code    66  stm32f1xx_hal.o(.text.HAL_Delay)
    HAL_GPIO_Init                            0x08002191   Thumb Code   798  stm32f1xx_hal_gpio.o(.text.HAL_GPIO_Init)
    HAL_GPIO_WritePin                        0x080024b1   Thumb Code    46  stm32f1xx_hal_gpio.o(.text.HAL_GPIO_WritePin)
    HAL_GetTick                              0x080024e1   Thumb Code    12  stm32f1xx_hal.o(.text.HAL_GetTick)
    HAL_IncTick                              0x080024ed   Thumb Code    26  stm32f1xx_hal.o(.text.HAL_IncTick)
    HAL_Init                                 0x08002509   Thumb Code    38  stm32f1xx_hal.o(.text.HAL_Init)
    HAL_InitTick                             0x08002531   Thumb Code   112  stm32f1xx_hal.o(.text.HAL_InitTick)
    HAL_MspInit                              0x080025a1   Thumb Code   100  stm32f1xx_hal_msp.o(.text.HAL_MspInit)
    HAL_NVIC_EnableIRQ                       0x08002605   Thumb Code    20  stm32f1xx_hal_cortex.o(.text.HAL_NVIC_EnableIRQ)
    HAL_NVIC_SetPriority                     0x08002619   Thumb Code    50  stm32f1xx_hal_cortex.o(.text.HAL_NVIC_SetPriority)
    HAL_NVIC_SetPriorityGrouping             0x0800264d   Thumb Code    16  stm32f1xx_hal_cortex.o(.text.HAL_NVIC_SetPriorityGrouping)
    HAL_RCCEx_PeriphCLKConfig                0x0800265d   Thumb Code   456  stm32f1xx_hal_rcc_ex.o(.text.HAL_RCCEx_PeriphCLKConfig)
    HAL_RCC_ClockConfig                      0x08002825   Thumb Code   598  stm32f1xx_hal_rcc.o(.text.HAL_RCC_ClockConfig)
    HAL_RCC_GetHCLKFreq                      0x08002a7d   Thumb Code    12  stm32f1xx_hal_rcc.o(.text.HAL_RCC_GetHCLKFreq)
    HAL_RCC_GetPCLK1Freq                     0x08002a89   Thumb Code    34  stm32f1xx_hal_rcc.o(.text.HAL_RCC_GetPCLK1Freq)
    HAL_RCC_GetPCLK2Freq                     0x08002aad   Thumb Code    34  stm32f1xx_hal_rcc.o(.text.HAL_RCC_GetPCLK2Freq)
    HAL_RCC_GetSysClockFreq                  0x08002ad1   Thumb Code   228  stm32f1xx_hal_rcc.o(.text.HAL_RCC_GetSysClockFreq)
    HAL_RCC_OscConfig                        0x08002bb5   Thumb Code  1658  stm32f1xx_hal_rcc.o(.text.HAL_RCC_OscConfig)
    HAL_SYSTICK_Config                       0x08003231   Thumb Code    16  stm32f1xx_hal_cortex.o(.text.HAL_SYSTICK_Config)
    HAL_TIMEx_BreakCallback                  0x08003241   Thumb Code     8  stm32f1xx_hal_tim_ex.o(.text.HAL_TIMEx_BreakCallback)
    HAL_TIMEx_CommutCallback                 0x08003249   Thumb Code     8  stm32f1xx_hal_tim_ex.o(.text.HAL_TIMEx_CommutCallback)
    HAL_TIMEx_MasterConfigSynchronization    0x08003251   Thumb Code   220  stm32f1xx_hal_tim_ex.o(.text.HAL_TIMEx_MasterConfigSynchronization)
    HAL_TIM_Base_Init                        0x0800332d   Thumb Code   156  stm32f1xx_hal_tim.o(.text.HAL_TIM_Base_Init)
    HAL_TIM_Base_MspInit                     0x080033c9   Thumb Code   124  stm32f1xx_hal_msp.o(.text.HAL_TIM_Base_MspInit)
    HAL_TIM_Base_Start_IT                    0x08003445   Thumb Code   176  stm32f1xx_hal_tim.o(.text.HAL_TIM_Base_Start_IT)
    HAL_TIM_ConfigClockSource                0x080034f5   Thumb Code   374  stm32f1xx_hal_tim.o(.text.HAL_TIM_ConfigClockSource)
    HAL_TIM_IC_CaptureCallback               0x0800366d   Thumb Code     8  stm32f1xx_hal_tim.o(.text.HAL_TIM_IC_CaptureCallback)
    HAL_TIM_IRQHandler                       0x08003675   Thumb Code   634  stm32f1xx_hal_tim.o(.text.HAL_TIM_IRQHandler)
    HAL_TIM_MspPostInit                      0x080038f1   Thumb Code   190  stm32f1xx_hal_msp.o(.text.HAL_TIM_MspPostInit)
    HAL_TIM_OC_DelayElapsedCallback          0x080039b1   Thumb Code     8  stm32f1xx_hal_tim.o(.text.HAL_TIM_OC_DelayElapsedCallback)
    HAL_TIM_PWM_ConfigChannel                0x080039b9   Thumb Code   308  stm32f1xx_hal_tim.o(.text.HAL_TIM_PWM_ConfigChannel)
    HAL_TIM_PWM_Init                         0x08003aed   Thumb Code   156  stm32f1xx_hal_tim.o(.text.HAL_TIM_PWM_Init)
    HAL_TIM_PWM_MspInit                      0x08003b89   Thumb Code     8  stm32f1xx_hal_tim.o(.text.HAL_TIM_PWM_MspInit)
    HAL_TIM_PWM_PulseFinishedCallback        0x08003b91   Thumb Code     8  stm32f1xx_hal_tim.o(.text.HAL_TIM_PWM_PulseFinishedCallback)
    HAL_TIM_PWM_Start                        0x08003b99   Thumb Code   352  stm32f1xx_hal_tim.o(.text.HAL_TIM_PWM_Start)
    HAL_TIM_PeriodElapsedCallback            0x08003cf9   Thumb Code   144  main.o(.text.HAL_TIM_PeriodElapsedCallback)
    HAL_TIM_TriggerCallback                  0x08003d89   Thumb Code     8  stm32f1xx_hal_tim.o(.text.HAL_TIM_TriggerCallback)
    HAL_UART_Init                            0x08003d91   Thumb Code   154  stm32f1xx_hal_uart.o(.text.HAL_UART_Init)
    HAL_UART_MspInit                         0x08003e2d   Thumb Code   152  stm32f1xx_hal_msp.o(.text.HAL_UART_MspInit)
    HAL_UART_Transmit                        0x08003ec5   Thumb Code   334  stm32f1xx_hal_uart.o(.text.HAL_UART_Transmit)
    HardFault_Handler                        0x08004015   Thumb Code     4  stm32f1xx_it.o(.text.HardFault_Handler)
    MemManage_Handler                        0x08004361   Thumb Code     4  stm32f1xx_it.o(.text.MemManage_Handler)
    NMI_Handler                              0x08004365   Thumb Code     4  stm32f1xx_it.o(.text.NMI_Handler)
    PendSV_Handler                           0x080043d5   Thumb Code     2  stm32f1xx_it.o(.text.PendSV_Handler)
    SVC_Handler                              0x08004415   Thumb Code     2  stm32f1xx_it.o(.text.SVC_Handler)
    SysTick_Handler                          0x0800446d   Thumb Code     8  stm32f1xx_it.o(.text.SysTick_Handler)
    SystemClock_Config                       0x08004475   Thumb Code   144  main.o(.text.SystemClock_Config)
    SystemInit                               0x08004505   Thumb Code     2  system_stm32f1xx.o(.text.SystemInit)
    TIM1_UP_IRQHandler                       0x08004509   Thumb Code    16  stm32f1xx_it.o(.text.TIM1_UP_IRQHandler)
    TIM_Base_SetConfig                       0x08004519   Thumb Code   240  stm32f1xx_hal_tim.o(.text.TIM_Base_SetConfig)
    TIM_CCxChannelCmd                        0x08004609   Thumb Code    54  stm32f1xx_hal_tim.o(.text.TIM_CCxChannelCmd)
    TIM_ETR_SetConfig                        0x08004641   Thumb Code    52  stm32f1xx_hal_tim.o(.text.TIM_ETR_SetConfig)
    TIM_OC2_SetConfig                        0x08004771   Thumb Code   216  stm32f1xx_hal_tim.o(.text.TIM_OC2_SetConfig)
    UsageFault_Handler                       0x08004bb5   Thumb Code     4  stm32f1xx_it.o(.text.UsageFault_Handler)
    main                                     0x08004c79   Thumb Code   540  main.o(.text.main)
    _btod_d2e                                0x08004e95   Thumb Code    62  btod.o(CL$$btod_d2e)
    _d2e_denorm_low                          0x08004ed3   Thumb Code    70  btod.o(CL$$btod_d2e_denorm_low)
    _d2e_norm_op1                            0x08004f19   Thumb Code    96  btod.o(CL$$btod_d2e_norm_op1)
    __btod_div_common                        0x08004f79   Thumb Code   696  btod.o(CL$$btod_div_common)
    _e2e                                     0x080052b1   Thumb Code   220  btod.o(CL$$btod_e2e)
    _btod_ediv                               0x0800538d   Thumb Code    42  btod.o(CL$$btod_ediv)
    _btod_emul                               0x080053b7   Thumb Code    42  btod.o(CL$$btod_emul)
    __btod_mult_common                       0x080053e1   Thumb Code   580  btod.o(CL$$btod_mult_common)
    __ARM_fpclassify                         0x08005625   Thumb Code    40  fpclassify.o(i.__ARM_fpclassify)
    _is_digit                                0x0800564d   Thumb Code    14  __printf_wp.o(i._is_digit)
    _get_lc_numeric                          0x0800565d   Thumb Code    44  lc_numeric_c.o(locale$$code)
    _get_lc_ctype                            0x08005689   Thumb Code    44  lc_ctype_c.o(locale$$code)
    __fpl_dretinf                            0x080056b5   Thumb Code    12  dretinf.o(x$fpl$dretinf)
    __aeabi_f2d                              0x080056c1   Thumb Code     0  f2d.o(x$fpl$f2d)
    _f2d                                     0x080056c1   Thumb Code    86  f2d.o(x$fpl$f2d)
    __aeabi_ui2f                             0x08005719   Thumb Code     0  fflt_clz.o(x$fpl$ffltu)
    _ffltu                                   0x08005719   Thumb Code    38  fflt_clz.o(x$fpl$ffltu)
    __aeabi_fmul                             0x08005741   Thumb Code     0  fmul.o(x$fpl$fmul)
    _fmul                                    0x08005741   Thumb Code   258  fmul.o(x$fpl$fmul)
    __fpl_fnaninf                            0x08005843   Thumb Code   140  fnaninf.o(x$fpl$fnaninf)
    __fpl_fretinf                            0x080058cf   Thumb Code    10  fretinf.o(x$fpl$fretinf)
    _printf_fp_dec                           0x080058d9   Thumb Code     4  printf1.o(x$fpl$printf1)
    _printf_fp_hex                           0x080058dd   Thumb Code     4  printf2.o(x$fpl$printf2)
    __I$use$fp                               0x080058e0   Number         0  usenofp.o(x$fpl$usenofp)
    AHBPrescTable                            0x080059dc   Data          16  system_stm32f1xx.o(.rodata.AHBPrescTable)
    APBPrescTable                            0x080059ec   Data           8  system_stm32f1xx.o(.rodata.APBPrescTable)
    Region$$Table$$Base                      0x080059fc   Number         0  anon$$obj.o(Region$$Table)
    Region$$Table$$Limit                     0x08005a1c   Number         0  anon$$obj.o(Region$$Table)
    __ctype                                  0x08005a45   Data           0  lc_ctype_c.o(locale$$data)
    SystemCoreClock                          0x20000000   Data           4  system_stm32f1xx.o(.data.SystemCoreClock)
    pwm_value                                0x20000004   Data           2  main.o(.data.pwm_value)
    uwTickFreq                               0x20000006   Data           1  stm32f1xx_hal.o(.data.uwTickFreq)
    uwTickPrio                               0x20000008   Data           4  stm32f1xx_hal.o(.data.uwTickPrio)
    __libspace_start                         0x20000010   Data          96  libspace.o(.bss)
    __temporary_stack_top$libspace           0x20000070   Data           0  libspace.o(.bss)
    hadc1                                    0x20000070   Data          48  main.o(.bss.hadc1)
    hdma_adc1                                0x200000a0   Data          68  main.o(.bss.hdma_adc1)
    htim1                                    0x200000e4   Data          72  main.o(.bss.htim1)
    htim2                                    0x2000012c   Data          72  main.o(.bss.htim2)
    huart1                                   0x20000174   Data          68  main.o(.bss.huart1)
    speech                                   0x200001b8   Data           4  main.o(.bss.speech)
    speech_max                               0x200001bc   Data           2  main.o(.bss.speech_max)
    status                                   0x200001be   Data           1  main.o(.bss.status)
    stop                                     0x200001bf   Data           1  main.o(.bss.stop)
    time                                     0x200001c0   Data           4  main.o(.bss.time)
    uwTick                                   0x200001c4   Data           4  stm32f1xx_hal.o(.bss.uwTick)
    var                                      0x200001c8   Data           4  main.o(.bss.var)



==============================================================================

Memory Map of the image

  Image Entry point : 0x080000ed

  Load Region LR_IROM1 (Base: 0x08000000, Size: 0x00005b58, Max: 0x00010000, ABSOLUTE)

    Execution Region ER_IROM1 (Exec base: 0x08000000, Load base: 0x08000000, Size: 0x00005b48, Max: 0x00010000, ABSOLUTE)

    Exec Addr    Load Addr    Size         Type   Attr      Idx    E Section Name        Object

    0x08000000   0x08000000   0x000000ec   Data   RO            3    RESET               startup_stm32f103xb.o
    0x080000ec   0x080000ec   0x00000008   Code   RO         1078  * !!!main             c_w.l(__main.o)
    0x080000f4   0x080000f4   0x00000034   Code   RO         1431    !!!scatter          c_w.l(__scatter.o)
    0x08000128   0x08000128   0x0000001a   Code   RO         1433    !!handler_copy      c_w.l(__scatter_copy.o)
    0x08000142   0x08000142   0x00000002   PAD
    0x08000144   0x08000144   0x0000001c   Code   RO         1435    !!handler_zi        c_w.l(__scatter_zi.o)
    0x08000160   0x08000160   0x00000000   Code   RO         1172    .ARM.Collect$$_printf_percent$$00000000  c_w.l(_printf_percent.o)
    0x08000160   0x08000160   0x00000006   Code   RO         1161    .ARM.Collect$$_printf_percent$$00000001  c_w.l(_printf_n.o)
    0x08000166   0x08000166   0x00000006   Code   RO         1163    .ARM.Collect$$_printf_percent$$00000002  c_w.l(_printf_p.o)
    0x0800016c   0x0800016c   0x00000006   Code   RO         1168    .ARM.Collect$$_printf_percent$$00000003  c_w.l(_printf_f.o)
    0x08000172   0x08000172   0x00000006   Code   RO         1169    .ARM.Collect$$_printf_percent$$00000004  c_w.l(_printf_e.o)
    0x08000178   0x08000178   0x00000006   Code   RO         1170    .ARM.Collect$$_printf_percent$$00000005  c_w.l(_printf_g.o)
    0x0800017e   0x0800017e   0x00000006   Code   RO         1171    .ARM.Collect$$_printf_percent$$00000006  c_w.l(_printf_a.o)
    0x08000184   0x08000184   0x0000000a   Code   RO         1176    .ARM.Collect$$_printf_percent$$00000007  c_w.l(_printf_ll.o)
    0x0800018e   0x0800018e   0x00000006   Code   RO         1165    .ARM.Collect$$_printf_percent$$00000008  c_w.l(_printf_i.o)
    0x08000194   0x08000194   0x00000006   Code   RO         1166    .ARM.Collect$$_printf_percent$$00000009  c_w.l(_printf_d.o)
    0x0800019a   0x0800019a   0x00000006   Code   RO         1167    .ARM.Collect$$_printf_percent$$0000000A  c_w.l(_printf_u.o)
    0x080001a0   0x080001a0   0x00000006   Code   RO         1164    .ARM.Collect$$_printf_percent$$0000000B  c_w.l(_printf_o.o)
    0x080001a6   0x080001a6   0x00000006   Code   RO         1162    .ARM.Collect$$_printf_percent$$0000000C  c_w.l(_printf_x.o)
    0x080001ac   0x080001ac   0x00000006   Code   RO         1173    .ARM.Collect$$_printf_percent$$0000000D  c_w.l(_printf_lli.o)
    0x080001b2   0x080001b2   0x00000006   Code   RO         1174    .ARM.Collect$$_printf_percent$$0000000E  c_w.l(_printf_lld.o)
    0x080001b8   0x080001b8   0x00000006   Code   RO         1175    .ARM.Collect$$_printf_percent$$0000000F  c_w.l(_printf_llu.o)
    0x080001be   0x080001be   0x00000006   Code   RO         1180    .ARM.Collect$$_printf_percent$$00000010  c_w.l(_printf_llo.o)
    0x080001c4   0x080001c4   0x00000006   Code   RO         1181    .ARM.Collect$$_printf_percent$$00000011  c_w.l(_printf_llx.o)
    0x080001ca   0x080001ca   0x0000000a   Code   RO         1177    .ARM.Collect$$_printf_percent$$00000012  c_w.l(_printf_l.o)
    0x080001d4   0x080001d4   0x00000006   Code   RO         1159    .ARM.Collect$$_printf_percent$$00000013  c_w.l(_printf_c.o)
    0x080001da   0x080001da   0x00000006   Code   RO         1160    .ARM.Collect$$_printf_percent$$00000014  c_w.l(_printf_s.o)
    0x080001e0   0x080001e0   0x00000006   Code   RO         1178    .ARM.Collect$$_printf_percent$$00000015  c_w.l(_printf_lc.o)
    0x080001e6   0x080001e6   0x00000006   Code   RO         1179    .ARM.Collect$$_printf_percent$$00000016  c_w.l(_printf_ls.o)
    0x080001ec   0x080001ec   0x00000004   Code   RO         1229    .ARM.Collect$$_printf_percent$$00000017  c_w.l(_printf_percent_end.o)
    0x080001f0   0x080001f0   0x00000002   Code   RO         1280    .ARM.Collect$$libinit$$00000000  c_w.l(libinit.o)
    0x080001f2   0x080001f2   0x00000000   Code   RO         1298    .ARM.Collect$$libinit$$00000002  c_w.l(libinit2.o)
    0x080001f2   0x080001f2   0x00000000   Code   RO         1300    .ARM.Collect$$libinit$$00000004  c_w.l(libinit2.o)
    0x080001f2   0x080001f2   0x00000000   Code   RO         1302    .ARM.Collect$$libinit$$00000006  c_w.l(libinit2.o)
    0x080001f2   0x080001f2   0x00000000   Code   RO         1305    .ARM.Collect$$libinit$$0000000C  c_w.l(libinit2.o)
    0x080001f2   0x080001f2   0x00000000   Code   RO         1307    .ARM.Collect$$libinit$$0000000E  c_w.l(libinit2.o)
    0x080001f2   0x080001f2   0x00000000   Code   RO         1309    .ARM.Collect$$libinit$$00000010  c_w.l(libinit2.o)
    0x080001f2   0x080001f2   0x00000006   Code   RO         1310    .ARM.Collect$$libinit$$00000011  c_w.l(libinit2.o)
    0x080001f8   0x080001f8   0x00000000   Code   RO         1312    .ARM.Collect$$libinit$$00000013  c_w.l(libinit2.o)
    0x080001f8   0x080001f8   0x0000000c   Code   RO         1313    .ARM.Collect$$libinit$$00000014  c_w.l(libinit2.o)
    0x08000204   0x08000204   0x00000000   Code   RO         1314    .ARM.Collect$$libinit$$00000015  c_w.l(libinit2.o)
    0x08000204   0x08000204   0x00000000   Code   RO         1316    .ARM.Collect$$libinit$$00000017  c_w.l(libinit2.o)
    0x08000204   0x08000204   0x0000000a   Code   RO         1317    .ARM.Collect$$libinit$$00000018  c_w.l(libinit2.o)
    0x0800020e   0x0800020e   0x00000000   Code   RO         1318    .ARM.Collect$$libinit$$00000019  c_w.l(libinit2.o)
    0x0800020e   0x0800020e   0x00000000   Code   RO         1320    .ARM.Collect$$libinit$$0000001B  c_w.l(libinit2.o)
    0x0800020e   0x0800020e   0x00000000   Code   RO         1322    .ARM.Collect$$libinit$$0000001D  c_w.l(libinit2.o)
    0x0800020e   0x0800020e   0x00000000   Code   RO         1324    .ARM.Collect$$libinit$$0000001F  c_w.l(libinit2.o)
    0x0800020e   0x0800020e   0x00000000   Code   RO         1326    .ARM.Collect$$libinit$$00000021  c_w.l(libinit2.o)
    0x0800020e   0x0800020e   0x00000000   Code   RO         1328    .ARM.Collect$$libinit$$00000023  c_w.l(libinit2.o)
    0x0800020e   0x0800020e   0x00000000   Code   RO         1330    .ARM.Collect$$libinit$$00000025  c_w.l(libinit2.o)
    0x0800020e   0x0800020e   0x00000000   Code   RO         1332    .ARM.Collect$$libinit$$00000027  c_w.l(libinit2.o)
    0x0800020e   0x0800020e   0x00000000   Code   RO         1336    .ARM.Collect$$libinit$$0000002E  c_w.l(libinit2.o)
    0x0800020e   0x0800020e   0x00000000   Code   RO         1338    .ARM.Collect$$libinit$$00000030  c_w.l(libinit2.o)
    0x0800020e   0x0800020e   0x00000000   Code   RO         1340    .ARM.Collect$$libinit$$00000032  c_w.l(libinit2.o)
    0x0800020e   0x0800020e   0x00000000   Code   RO         1342    .ARM.Collect$$libinit$$00000034  c_w.l(libinit2.o)
    0x0800020e   0x0800020e   0x00000002   Code   RO         1343    .ARM.Collect$$libinit$$00000035  c_w.l(libinit2.o)
    0x08000210   0x08000210   0x00000002   Code   RO         1367    .ARM.Collect$$libshutdown$$00000000  c_w.l(libshutdown.o)
    0x08000212   0x08000212   0x00000000   Code   RO         1382    .ARM.Collect$$libshutdown$$00000002  c_w.l(libshutdown2.o)
    0x08000212   0x08000212   0x00000000   Code   RO         1384    .ARM.Collect$$libshutdown$$00000004  c_w.l(libshutdown2.o)
    0x08000212   0x08000212   0x00000000   Code   RO         1387    .ARM.Collect$$libshutdown$$00000007  c_w.l(libshutdown2.o)
    0x08000212   0x08000212   0x00000000   Code   RO         1390    .ARM.Collect$$libshutdown$$0000000A  c_w.l(libshutdown2.o)
    0x08000212   0x08000212   0x00000000   Code   RO         1392    .ARM.Collect$$libshutdown$$0000000C  c_w.l(libshutdown2.o)
    0x08000212   0x08000212   0x00000000   Code   RO         1395    .ARM.Collect$$libshutdown$$0000000F  c_w.l(libshutdown2.o)
    0x08000212   0x08000212   0x00000002   Code   RO         1396    .ARM.Collect$$libshutdown$$00000010  c_w.l(libshutdown2.o)
    0x08000214   0x08000214   0x00000000   Code   RO         1090    .ARM.Collect$$rtentry$$00000000  c_w.l(__rtentry.o)
    0x08000214   0x08000214   0x00000000   Code   RO         1198    .ARM.Collect$$rtentry$$00000002  c_w.l(__rtentry2.o)
    0x08000214   0x08000214   0x00000006   Code   RO         1210    .ARM.Collect$$rtentry$$00000004  c_w.l(__rtentry4.o)
    0x0800021a   0x0800021a   0x00000000   Code   RO         1200    .ARM.Collect$$rtentry$$00000009  c_w.l(__rtentry2.o)
    0x0800021a   0x0800021a   0x00000004   Code   RO         1201    .ARM.Collect$$rtentry$$0000000A  c_w.l(__rtentry2.o)
    0x0800021e   0x0800021e   0x00000000   Code   RO         1203    .ARM.Collect$$rtentry$$0000000C  c_w.l(__rtentry2.o)
    0x0800021e   0x0800021e   0x00000008   Code   RO         1204    .ARM.Collect$$rtentry$$0000000D  c_w.l(__rtentry2.o)
    0x08000226   0x08000226   0x00000002   Code   RO         1288    .ARM.Collect$$rtexit$$00000000  c_w.l(rtexit.o)
    0x08000228   0x08000228   0x00000000   Code   RO         1345    .ARM.Collect$$rtexit$$00000002  c_w.l(rtexit2.o)
    0x08000228   0x08000228   0x00000004   Code   RO         1346    .ARM.Collect$$rtexit$$00000003  c_w.l(rtexit2.o)
    0x0800022c   0x0800022c   0x00000006   Code   RO         1347    .ARM.Collect$$rtexit$$00000004  c_w.l(rtexit2.o)
    0x08000232   0x08000232   0x00000002   PAD
    0x08000234   0x08000234   0x00000040   Code   RO            4    .text               startup_stm32f103xb.o
    0x08000274   0x08000274   0x0000002c   Code   RO         1070    .text               c_w.l(sprintf.o)
    0x080002a0   0x080002a0   0x0000003e   Code   RO         1072    .text               c_w.l(strlen.o)
    0x080002de   0x080002de   0x0000004e   Code   RO         1074    .text               c_w.l(rt_memclr_w.o)
    0x0800032c   0x0800032c   0x00000006   Code   RO         1076    .text               c_w.l(heapauxi.o)
    0x08000332   0x08000332   0x0000004e   Code   RO         1093    .text               c_w.l(_printf_pad.o)
    0x08000380   0x08000380   0x00000024   Code   RO         1095    .text               c_w.l(_printf_truncate.o)
    0x080003a4   0x080003a4   0x00000052   Code   RO         1097    .text               c_w.l(_printf_str.o)
    0x080003f6   0x080003f6   0x00000002   PAD
    0x080003f8   0x080003f8   0x00000078   Code   RO         1099    .text               c_w.l(_printf_dec.o)
    0x08000470   0x08000470   0x00000028   Code   RO         1101    .text               c_w.l(_printf_charcount.o)
    0x08000498   0x08000498   0x00000030   Code   RO         1103    .text               c_w.l(_printf_char_common.o)
    0x080004c8   0x080004c8   0x0000000a   Code   RO         1105    .text               c_w.l(_sputc.o)
    0x080004d2   0x080004d2   0x00000002   PAD
    0x080004d4   0x080004d4   0x000000bc   Code   RO         1107    .text               c_w.l(_printf_wctomb.o)
    0x08000590   0x08000590   0x0000007c   Code   RO         1110    .text               c_w.l(_printf_longlong_dec.o)
    0x0800060c   0x0800060c   0x00000070   Code   RO         1116    .text               c_w.l(_printf_oct_int_ll.o)
    0x0800067c   0x0800067c   0x00000094   Code   RO         1136    .text               c_w.l(_printf_hex_int_ll_ptr.o)
    0x08000710   0x08000710   0x00000188   Code   RO         1156    .text               c_w.l(__printf_flags_ss_wp.o)
    0x08000898   0x08000898   0x0000008a   Code   RO         1212    .text               c_w.l(lludiv10.o)
    0x08000922   0x08000922   0x000000b2   Code   RO         1214    .text               c_w.l(_printf_intcommon.o)
    0x080009d4   0x080009d4   0x0000041c   Code   RO         1216    .text               c_w.l(_printf_fp_dec.o)
    0x08000df0   0x08000df0   0x000002fc   Code   RO         1220    .text               c_w.l(_printf_fp_hex.o)
    0x080010ec   0x080010ec   0x0000002c   Code   RO         1225    .text               c_w.l(_printf_char.o)
    0x08001118   0x08001118   0x0000002c   Code   RO         1227    .text               c_w.l(_printf_wchar.o)
    0x08001144   0x08001144   0x00000048   Code   RO         1230    .text               c_w.l(_c16rtomb.o)
    0x0800118c   0x0800118c   0x0000004a   Code   RO         1232    .text               c_w.l(sys_stackheap_outer.o)
    0x080011d6   0x080011d6   0x00000002   PAD
    0x080011d8   0x080011d8   0x00000010   Code   RO         1234    .text               c_w.l(rt_ctype_table.o)
    0x080011e8   0x080011e8   0x00000008   Code   RO         1239    .text               c_w.l(rt_locale_intlibspace.o)
    0x080011f0   0x080011f0   0x00000080   Code   RO         1241    .text               c_w.l(_printf_fp_infnan.o)
    0x08001270   0x08001270   0x000000e4   Code   RO         1243    .text               c_w.l(bigflt0.o)
    0x08001354   0x08001354   0x00000012   Code   RO         1273    .text               c_w.l(exit.o)
    0x08001366   0x08001366   0x00000002   PAD
    0x08001368   0x08001368   0x00000008   Code   RO         1285    .text               c_w.l(libspace.o)
    0x08001370   0x08001370   0x00000080   Code   RO         1295    .text               c_w.l(strcmpv7m.o)
    0x080013f0   0x080013f0   0x0000000c   Code   RO         1357    .text               c_w.l(sys_exit.o)
    0x080013fc   0x080013fc   0x00000002   Code   RO         1372    .text               c_w.l(use_no_semi.o)
    0x080013fe   0x080013fe   0x00000000   Code   RO         1374    .text               c_w.l(indicate_semi.o)
    0x080013fe   0x080013fe   0x00000002   PAD
    0x08001400   0x08001400   0x00000082   Code   RO          122    .text.ADC_ConversionStop_Disable  stm32f1xx_hal_adc.o
    0x08001482   0x08001482   0x00000002   PAD
    0x08001484   0x08001484   0x00000078   Code   RO          144    .text.ADC_DMAConvCplt  stm32f1xx_hal_adc.o
    0x080014fc   0x080014fc   0x0000002a   Code   RO          148    .text.ADC_DMAError  stm32f1xx_hal_adc.o
    0x08001526   0x08001526   0x00000002   PAD
    0x08001528   0x08001528   0x00000016   Code   RO          146    .text.ADC_DMAHalfConvCplt  stm32f1xx_hal_adc.o
    0x0800153e   0x0800153e   0x00000002   PAD
    0x08001540   0x08001540   0x000000bc   Code   RO          130    .text.ADC_Enable    stm32f1xx_hal_adc.o
    0x080015fc   0x080015fc   0x00000004   Code   RO           59    .text.BusFault_Handler  stm32f1xx_it.o
    0x08001600   0x08001600   0x00000010   Code   RO           71    .text.DMA1_Channel1_IRQHandler  stm32f1xx_it.o
    0x08001610   0x08001610   0x00000050   Code   RO          355    .text.DMA_SetConfig  stm32f1xx_hal_dma.o
    0x08001660   0x08001660   0x00000002   Code   RO           65    .text.DebugMon_Handler  stm32f1xx_it.o
    0x08001662   0x08001662   0x00000002   PAD
    0x08001664   0x08001664   0x0000000e   Code   RO           27    .text.Error_Handler  main.o
    0x08001672   0x08001672   0x00000002   PAD
    0x08001674   0x08001674   0x000001b4   Code   RO          164    .text.HAL_ADC_ConfigChannel  stm32f1xx_hal_adc.o
    0x08001828   0x08001828   0x00000008   Code   RO          156    .text.HAL_ADC_ConvCpltCallback  stm32f1xx_hal_adc.o
    0x08001830   0x08001830   0x00000008   Code   RO          160    .text.HAL_ADC_ConvHalfCpltCallback  stm32f1xx_hal_adc.o
    0x08001838   0x08001838   0x00000008   Code   RO          162    .text.HAL_ADC_ErrorCallback  stm32f1xx_hal_adc.o
    0x08001840   0x08001840   0x00000212   Code   RO          118    .text.HAL_ADC_Init  stm32f1xx_hal_adc.o
    0x08001a52   0x08001a52   0x00000002   PAD
    0x08001a54   0x08001a54   0x000000ca   Code   RO           84    .text.HAL_ADC_MspInit  stm32f1xx_hal_msp.o
    0x08001b1e   0x08001b1e   0x00000002   PAD
    0x08001b20   0x08001b20   0x00000226   Code   RO          142    .text.HAL_ADC_Start_DMA  stm32f1xx_hal_adc.o
    0x08001d46   0x08001d46   0x00000002   PAD
    0x08001d48   0x08001d48   0x00000286   Code   RO          365    .text.HAL_DMA_IRQHandler  stm32f1xx_hal_dma.o
    0x08001fce   0x08001fce   0x00000002   PAD
    0x08001fd0   0x08001fd0   0x000000ae   Code   RO          349    .text.HAL_DMA_Init  stm32f1xx_hal_dma.o
    0x0800207e   0x0800207e   0x00000002   PAD
    0x08002080   0x08002080   0x000000ca   Code   RO          357    .text.HAL_DMA_Start_IT  stm32f1xx_hal_dma.o
    0x0800214a   0x0800214a   0x00000002   PAD
    0x0800214c   0x0800214c   0x00000042   Code   RO          232    .text.HAL_Delay     stm32f1xx_hal.o
    0x0800218e   0x0800218e   0x00000002   PAD
    0x08002190   0x08002190   0x0000031e   Code   RO          326    .text.HAL_GPIO_Init  stm32f1xx_hal_gpio.o
    0x080024ae   0x080024ae   0x00000002   PAD
    0x080024b0   0x080024b0   0x0000002e   Code   RO          332    .text.HAL_GPIO_WritePin  stm32f1xx_hal_gpio.o
    0x080024de   0x080024de   0x00000002   PAD
    0x080024e0   0x080024e0   0x0000000c   Code   RO          224    .text.HAL_GetTick   stm32f1xx_hal.o
    0x080024ec   0x080024ec   0x0000001a   Code   RO          222    .text.HAL_IncTick   stm32f1xx_hal.o
    0x08002506   0x08002506   0x00000002   PAD
    0x08002508   0x08002508   0x00000026   Code   RO          212    .text.HAL_Init      stm32f1xx_hal.o
    0x0800252e   0x0800252e   0x00000002   PAD
    0x08002530   0x08002530   0x00000070   Code   RO          214    .text.HAL_InitTick  stm32f1xx_hal.o
    0x080025a0   0x080025a0   0x00000064   Code   RO           82    .text.HAL_MspInit   stm32f1xx_hal_msp.o
    0x08002604   0x08002604   0x00000014   Code   RO          394    .text.HAL_NVIC_EnableIRQ  stm32f1xx_hal_cortex.o
    0x08002618   0x08002618   0x00000032   Code   RO          386    .text.HAL_NVIC_SetPriority  stm32f1xx_hal_cortex.o
    0x0800264a   0x0800264a   0x00000002   PAD
    0x0800264c   0x0800264c   0x00000010   Code   RO          382    .text.HAL_NVIC_SetPriorityGrouping  stm32f1xx_hal_cortex.o
    0x0800265c   0x0800265c   0x000001c8   Code   RO          311    .text.HAL_RCCEx_PeriphCLKConfig  stm32f1xx_hal_rcc_ex.o
    0x08002824   0x08002824   0x00000256   Code   RO          278    .text.HAL_RCC_ClockConfig  stm32f1xx_hal_rcc.o
    0x08002a7a   0x08002a7a   0x00000002   PAD
    0x08002a7c   0x08002a7c   0x0000000c   Code   RO          288    .text.HAL_RCC_GetHCLKFreq  stm32f1xx_hal_rcc.o
    0x08002a88   0x08002a88   0x00000022   Code   RO          290    .text.HAL_RCC_GetPCLK1Freq  stm32f1xx_hal_rcc.o
    0x08002aaa   0x08002aaa   0x00000002   PAD
    0x08002aac   0x08002aac   0x00000022   Code   RO          292    .text.HAL_RCC_GetPCLK2Freq  stm32f1xx_hal_rcc.o
    0x08002ace   0x08002ace   0x00000002   PAD
    0x08002ad0   0x08002ad0   0x000000e4   Code   RO          280    .text.HAL_RCC_GetSysClockFreq  stm32f1xx_hal_rcc.o
    0x08002bb4   0x08002bb4   0x0000067a   Code   RO          274    .text.HAL_RCC_OscConfig  stm32f1xx_hal_rcc.o
    0x0800322e   0x0800322e   0x00000002   PAD
    0x08003230   0x08003230   0x00000010   Code   RO          406    .text.HAL_SYSTICK_Config  stm32f1xx_hal_cortex.o
    0x08003240   0x08003240   0x00000008   Code   RO          913    .text.HAL_TIMEx_BreakCallback  stm32f1xx_hal_tim_ex.o
    0x08003248   0x08003248   0x00000008   Code   RO          909    .text.HAL_TIMEx_CommutCallback  stm32f1xx_hal_tim_ex.o
    0x08003250   0x08003250   0x000000dc   Code   RO          903    .text.HAL_TIMEx_MasterConfigSynchronization  stm32f1xx_hal_tim_ex.o
    0x0800332c   0x0800332c   0x0000009c   Code   RO          590    .text.HAL_TIM_Base_Init  stm32f1xx_hal_tim.o
    0x080033c8   0x080033c8   0x0000007c   Code   RO           88    .text.HAL_TIM_Base_MspInit  stm32f1xx_hal_msp.o
    0x08003444   0x08003444   0x000000b0   Code   RO          604    .text.HAL_TIM_Base_Start_IT  stm32f1xx_hal_tim.o
    0x080034f4   0x080034f4   0x00000176   Code   RO          782    .text.HAL_TIM_ConfigClockSource  stm32f1xx_hal_tim.o
    0x0800366a   0x0800366a   0x00000002   PAD
    0x0800366c   0x0800366c   0x00000008   Code   RO          726    .text.HAL_TIM_IC_CaptureCallback  stm32f1xx_hal_tim.o
    0x08003674   0x08003674   0x0000027a   Code   RO          724    .text.HAL_TIM_IRQHandler  stm32f1xx_hal_tim.o
    0x080038ee   0x080038ee   0x00000002   PAD
    0x080038f0   0x080038f0   0x000000be   Code   RO           90    .text.HAL_TIM_MspPostInit  stm32f1xx_hal_msp.o
    0x080039ae   0x080039ae   0x00000002   PAD
    0x080039b0   0x080039b0   0x00000008   Code   RO          728    .text.HAL_TIM_OC_DelayElapsedCallback  stm32f1xx_hal_tim.o
    0x080039b8   0x080039b8   0x00000134   Code   RO          756    .text.HAL_TIM_PWM_ConfigChannel  stm32f1xx_hal_tim.o
    0x08003aec   0x08003aec   0x0000009c   Code   RO          644    .text.HAL_TIM_PWM_Init  stm32f1xx_hal_tim.o
    0x08003b88   0x08003b88   0x00000008   Code   RO          646    .text.HAL_TIM_PWM_MspInit  stm32f1xx_hal_tim.o
    0x08003b90   0x08003b90   0x00000008   Code   RO          730    .text.HAL_TIM_PWM_PulseFinishedCallback  stm32f1xx_hal_tim.o
    0x08003b98   0x08003b98   0x00000160   Code   RO          652    .text.HAL_TIM_PWM_Start  stm32f1xx_hal_tim.o
    0x08003cf8   0x08003cf8   0x00000090   Code   RO           29    .text.HAL_TIM_PeriodElapsedCallback  main.o
    0x08003d88   0x08003d88   0x00000008   Code   RO          734    .text.HAL_TIM_TriggerCallback  stm32f1xx_hal_tim.o
    0x08003d90   0x08003d90   0x0000009a   Code   RO          926    .text.HAL_UART_Init  stm32f1xx_hal_uart.o
    0x08003e2a   0x08003e2a   0x00000002   PAD
    0x08003e2c   0x08003e2c   0x00000098   Code   RO           94    .text.HAL_UART_MspInit  stm32f1xx_hal_msp.o
    0x08003ec4   0x08003ec4   0x0000014e   Code   RO          942    .text.HAL_UART_Transmit  stm32f1xx_hal_uart.o
    0x08004012   0x08004012   0x00000002   PAD
    0x08004014   0x08004014   0x00000004   Code   RO           55    .text.HardFault_Handler  stm32f1xx_it.o
    0x08004018   0x08004018   0x00000068   Code   RO           19    .text.MX_ADC1_Init  main.o
    0x08004080   0x08004080   0x00000038   Code   RO           17    .text.MX_DMA_Init   main.o
    0x080040b8   0x080040b8   0x000000ba   Code   RO           15    .text.MX_GPIO_Init  main.o
    0x08004172   0x08004172   0x00000002   PAD
    0x08004174   0x08004174   0x00000088   Code   RO           21    .text.MX_TIM1_Init  main.o
    0x080041fc   0x080041fc   0x00000124   Code   RO           23    .text.MX_TIM2_Init  main.o
    0x08004320   0x08004320   0x00000040   Code   RO           25    .text.MX_USART1_UART_Init  main.o
    0x08004360   0x08004360   0x00000004   Code   RO           57    .text.MemManage_Handler  stm32f1xx_it.o
    0x08004364   0x08004364   0x00000004   Code   RO           53    .text.NMI_Handler   stm32f1xx_it.o
    0x08004368   0x08004368   0x0000006c   Code   RO          392    .text.NVIC_EncodePriority  stm32f1xx_hal_cortex.o
    0x080043d4   0x080043d4   0x00000002   Code   RO           67    .text.PendSV_Handler  stm32f1xx_it.o
    0x080043d6   0x080043d6   0x00000002   PAD
    0x080043d8   0x080043d8   0x0000003a   Code   RO          276    .text.RCC_Delay     stm32f1xx_hal_rcc.o
    0x08004412   0x08004412   0x00000002   PAD
    0x08004414   0x08004414   0x00000002   Code   RO           63    .text.SVC_Handler   stm32f1xx_it.o
    0x08004416   0x08004416   0x00000002   PAD
    0x08004418   0x08004418   0x00000052   Code   RO          408    .text.SysTick_Config  stm32f1xx_hal_cortex.o
    0x0800446a   0x0800446a   0x00000002   PAD
    0x0800446c   0x0800446c   0x00000008   Code   RO           69    .text.SysTick_Handler  stm32f1xx_it.o
    0x08004474   0x08004474   0x00000090   Code   RO           13    .text.SystemClock_Config  main.o
    0x08004504   0x08004504   0x00000002   Code   RO         1055    .text.SystemInit    system_stm32f1xx.o
    0x08004506   0x08004506   0x00000002   PAD
    0x08004508   0x08004508   0x00000010   Code   RO           73    .text.TIM1_UP_IRQHandler  stm32f1xx_it.o
    0x08004518   0x08004518   0x000000f0   Code   RO          594    .text.TIM_Base_SetConfig  stm32f1xx_hal_tim.o
    0x08004608   0x08004608   0x00000036   Code   RO          628    .text.TIM_CCxChannelCmd  stm32f1xx_hal_tim.o
    0x0800463e   0x0800463e   0x00000002   PAD
    0x08004640   0x08004640   0x00000034   Code   RO          780    .text.TIM_ETR_SetConfig  stm32f1xx_hal_tim.o
    0x08004674   0x08004674   0x0000002a   Code   RO          786    .text.TIM_ITRx_SetConfig  stm32f1xx_hal_tim.o
    0x0800469e   0x0800469e   0x00000002   PAD
    0x080046a0   0x080046a0   0x000000ce   Code   RO          738    .text.TIM_OC1_SetConfig  stm32f1xx_hal_tim.o
    0x0800476e   0x0800476e   0x00000002   PAD
    0x08004770   0x08004770   0x000000d8   Code   RO          740    .text.TIM_OC2_SetConfig  stm32f1xx_hal_tim.o
    0x08004848   0x08004848   0x000000d6   Code   RO          742    .text.TIM_OC3_SetConfig  stm32f1xx_hal_tim.o
    0x0800491e   0x0800491e   0x00000002   PAD
    0x08004920   0x08004920   0x00000096   Code   RO          744    .text.TIM_OC4_SetConfig  stm32f1xx_hal_tim.o
    0x080049b6   0x080049b6   0x00000002   PAD
    0x080049b8   0x080049b8   0x00000050   Code   RO          784    .text.TIM_TI1_ConfigInputStage  stm32f1xx_hal_tim.o
    0x08004a08   0x08004a08   0x00000052   Code   RO          788    .text.TIM_TI2_ConfigInputStage  stm32f1xx_hal_tim.o
    0x08004a5a   0x08004a5a   0x00000002   PAD
    0x08004a5c   0x08004a5c   0x000000ba   Code   RO          930    .text.UART_SetConfig  stm32f1xx_hal_uart.o
    0x08004b16   0x08004b16   0x00000002   PAD
    0x08004b18   0x08004b18   0x0000009c   Code   RO          944    .text.UART_WaitOnFlagUntilTimeout  stm32f1xx_hal_uart.o
    0x08004bb4   0x08004bb4   0x00000004   Code   RO           61    .text.UsageFault_Handler  stm32f1xx_it.o
    0x08004bb8   0x08004bb8   0x00000030   Code   RO          396    .text.__NVIC_EnableIRQ  stm32f1xx_hal_cortex.o
    0x08004be8   0x08004be8   0x00000010   Code   RO          388    .text.__NVIC_GetPriorityGrouping  stm32f1xx_hal_cortex.o
    0x08004bf8   0x08004bf8   0x00000042   Code   RO          390    .text.__NVIC_SetPriority  stm32f1xx_hal_cortex.o
    0x08004c3a   0x08004c3a   0x00000002   PAD
    0x08004c3c   0x08004c3c   0x0000003c   Code   RO          384    .text.__NVIC_SetPriorityGrouping  stm32f1xx_hal_cortex.o
    0x08004c78   0x08004c78   0x0000021c   Code   RO           11    .text.main          main.o
    0x08004e94   0x08004e94   0x0000003e   Code   RO         1246    CL$$btod_d2e        c_w.l(btod.o)
    0x08004ed2   0x08004ed2   0x00000046   Code   RO         1248    CL$$btod_d2e_denorm_low  c_w.l(btod.o)
    0x08004f18   0x08004f18   0x00000060   Code   RO         1247    CL$$btod_d2e_norm_op1  c_w.l(btod.o)
    0x08004f78   0x08004f78   0x00000338   Code   RO         1256    CL$$btod_div_common  c_w.l(btod.o)
    0x080052b0   0x080052b0   0x000000dc   Code   RO         1253    CL$$btod_e2e        c_w.l(btod.o)
    0x0800538c   0x0800538c   0x0000002a   Code   RO         1250    CL$$btod_ediv       c_w.l(btod.o)
    0x080053b6   0x080053b6   0x0000002a   Code   RO         1249    CL$$btod_emul       c_w.l(btod.o)
    0x080053e0   0x080053e0   0x00000244   Code   RO         1255    CL$$btod_mult_common  c_w.l(btod.o)
    0x08005624   0x08005624   0x00000028   Code   RO         1283    i.__ARM_fpclassify  m_ws.l(fpclassify.o)
    0x0800564c   0x0800564c   0x0000000e   Code   RO         1149    i._is_digit         c_w.l(__printf_wp.o)
    0x0800565a   0x0800565a   0x00000002   PAD
    0x0800565c   0x0800565c   0x0000002c   Code   RO         1271    locale$$code        c_w.l(lc_numeric_c.o)
    0x08005688   0x08005688   0x0000002c   Code   RO         1293    locale$$code        c_w.l(lc_ctype_c.o)
    0x080056b4   0x080056b4   0x0000000c   Code   RO         1182    x$fpl$dretinf       fz_ws.l(dretinf.o)
    0x080056c0   0x080056c0   0x00000056   Code   RO         1080    x$fpl$f2d           fz_ws.l(f2d.o)
    0x08005716   0x08005716   0x00000002   PAD
    0x08005718   0x08005718   0x00000026   Code   RO         1082    x$fpl$ffltu         fz_ws.l(fflt_clz.o)
    0x0800573e   0x0800573e   0x00000002   PAD
    0x08005740   0x08005740   0x00000102   Code   RO         1088    x$fpl$fmul          fz_ws.l(fmul.o)
    0x08005842   0x08005842   0x0000008c   Code   RO         1184    x$fpl$fnaninf       fz_ws.l(fnaninf.o)
    0x080058ce   0x080058ce   0x0000000a   Code   RO         1186    x$fpl$fretinf       fz_ws.l(fretinf.o)
    0x080058d8   0x080058d8   0x00000004   Code   RO         1188    x$fpl$printf1       fz_ws.l(printf1.o)
    0x080058dc   0x080058dc   0x00000004   Code   RO         1190    x$fpl$printf2       fz_ws.l(printf2.o)
    0x080058e0   0x080058e0   0x00000000   Code   RO         1196    x$fpl$usenofp       fz_ws.l(usenofp.o)
    0x080058e0   0x080058e0   0x00000008   Data   RO         1108    .constdata          c_w.l(_printf_wctomb.o)
    0x080058e8   0x080058e8   0x00000028   Data   RO         1137    .constdata          c_w.l(_printf_hex_int_ll_ptr.o)
    0x08005910   0x08005910   0x00000011   Data   RO         1157    .constdata          c_w.l(__printf_flags_ss_wp.o)
    0x08005921   0x08005921   0x00000026   Data   RO         1221    .constdata          c_w.l(_printf_fp_hex.o)
    0x08005947   0x08005947   0x00000001   PAD
    0x08005948   0x08005948   0x00000094   Data   RO         1244    .constdata          c_w.l(bigflt0.o)
    0x080059dc   0x080059dc   0x00000010   Data   RO         1060    .rodata.AHBPrescTable  system_stm32f1xx.o
    0x080059ec   0x080059ec   0x00000008   Data   RO         1061    .rodata.APBPrescTable  system_stm32f1xx.o
    0x080059f4   0x080059f4   0x00000008   Data   RO           42    .rodata.str1.1      main.o
    0x080059fc   0x080059fc   0x00000020   Data   RO         1430    Region$$Table       anon$$obj.o
    0x08005a1c   0x08005a1c   0x0000001c   Data   RO         1270    locale$$data        c_w.l(lc_numeric_c.o)
    0x08005a38   0x08005a38   0x00000110   Data   RO         1292    locale$$data        c_w.l(lc_ctype_c.o)


    Execution Region RW_IRAM1 (Exec base: 0x20000000, Load base: 0x08005b48, Size: 0x000007d0, Max: 0x00005000, ABSOLUTE)

    Exec Addr    Load Addr    Size         Type   Attr      Idx    E Section Name        Object

    0x20000000   0x08005b48   0x00000004   Data   RW         1059    .data.SystemCoreClock  system_stm32f1xx.o
    0x20000004   0x08005b4c   0x00000002   Data   RW           36    .data.pwm_value     main.o
    0x20000006   0x08005b4e   0x00000001   Data   RW          263    .data.uwTickFreq    stm32f1xx_hal.o
    0x20000007   0x08005b4f   0x00000001   PAD
    0x20000008   0x08005b50   0x00000004   Data   RW          262    .data.uwTickPrio    stm32f1xx_hal.o
    0x2000000c   0x08005b54   0x00000004   PAD
    0x20000010        -       0x00000060   Zero   RW         1286    .bss                c_w.l(libspace.o)
    0x20000070        -       0x00000030   Zero   RW           40    .bss.hadc1          main.o
    0x200000a0        -       0x00000044   Zero   RW           44    .bss.hdma_adc1      main.o
    0x200000e4        -       0x00000048   Zero   RW           39    .bss.htim1          main.o
    0x2000012c        -       0x00000048   Zero   RW           38    .bss.htim2          main.o
    0x20000174        -       0x00000044   Zero   RW           43    .bss.huart1         main.o
    0x200001b8        -       0x00000004   Zero   RW           35    .bss.speech         main.o
    0x200001bc        -       0x00000002   Zero   RW           37    .bss.speech_max     main.o
    0x200001be        -       0x00000001   Zero   RW           31    .bss.status         main.o
    0x200001bf        -       0x00000001   Zero   RW           33    .bss.stop           main.o
    0x200001c0        -       0x00000004   Zero   RW           34    .bss.time           main.o
    0x200001c4        -       0x00000004   Zero   RW          264    .bss.uwTick         stm32f1xx_hal.o
    0x200001c8        -       0x00000004   Zero   RW           41    .bss.var            main.o
    0x200001cc   0x08005b54   0x00000004   PAD
    0x200001d0        -       0x00000200   Zero   RW            2    HEAP                startup_stm32f103xb.o
    0x200003d0        -       0x00000400   Zero   RW            1    STACK               startup_stm32f103xb.o


==============================================================================

Image component sizes


      Code (inc. data)   RO Data    RW Data    ZI Data      Debug   Object Name

      1680          0          8          2        344      10806   main.o
        64         26        236          0       1536        768   startup_stm32f103xb.o
       254          0          0          5          4       5526   stm32f1xx_hal.o
      2042          0          0          0          0       9257   stm32f1xx_hal_adc.o
       482          0          0          0          0       7483   stm32f1xx_hal_cortex.o
      1102          0          0          0          0       6224   stm32f1xx_hal_dma.o
       844          0          0          0          0       4185   stm32f1xx_hal_gpio.o
       768          0          0          0          0       8814   stm32f1xx_hal_msp.o
      2622          0          0          0          0       7361   stm32f1xx_hal_rcc.o
       456          0          0          0          0       3069   stm32f1xx_hal_rcc_ex.o
      3532         14          0          0          0      34468   stm32f1xx_hal_tim.o
       236          0          0          0          0      14699   stm32f1xx_hal_tim_ex.o
       830          0          0          0          0      17697   stm32f1xx_hal_uart.o
        66          0          0          0          0       1180   stm32f1xx_it.o
         2          0         24          4          0       1536   system_stm32f1xx.o

    ----------------------------------------------------------------------
     15060         40        300         12       1892     133073   Object Totals
         0          0         32          0          0          0   (incl. Generated)
        80          0          0          1          8          0   (incl. Padding)

    ----------------------------------------------------------------------

      Code (inc. data)   RO Data    RW Data    ZI Data      Debug   Library Member Name

         8          0          0          0          0         68   __main.o
       392          4         17          0          0         92   __printf_flags_ss_wp.o
        14          0          0          0          0         68   __printf_wp.o
         0          0          0          0          0          0   __rtentry.o
        12          0          0          0          0          0   __rtentry2.o
         6          0          0          0          0          0   __rtentry4.o
        52          8          0          0          0          0   __scatter.o
        26          0          0          0          0          0   __scatter_copy.o
        28          0          0          0          0          0   __scatter_zi.o
        72          0          0          0          0         96   _c16rtomb.o
         6          0          0          0          0          0   _printf_a.o
         6          0          0          0          0          0   _printf_c.o
        44          0          0          0          0        108   _printf_char.o
        48          6          0          0          0         96   _printf_char_common.o
        40          0          0          0          0         68   _printf_charcount.o
         6          0          0          0          0          0   _printf_d.o
       120         16          0          0          0         92   _printf_dec.o
         6          0          0          0          0          0   _printf_e.o
         6          0          0          0          0          0   _printf_f.o
      1052          0          0          0          0        148   _printf_fp_dec.o
       764          8         38          0          0        100   _printf_fp_hex.o
       128         16          0          0          0         84   _printf_fp_infnan.o
         6          0          0          0          0          0   _printf_g.o
       148          4         40          0          0        160   _printf_hex_int_ll_ptr.o
         6          0          0          0          0          0   _printf_i.o
       178          0          0          0          0         88   _printf_intcommon.o
        10          0          0          0          0          0   _printf_l.o
         6          0          0          0          0          0   _printf_lc.o
        10          0          0          0          0          0   _printf_ll.o
         6          0          0          0          0          0   _printf_lld.o
         6          0          0          0          0          0   _printf_lli.o
         6          0          0          0          0          0   _printf_llo.o
         6          0          0          0          0          0   _printf_llu.o
         6          0          0          0          0          0   _printf_llx.o
       124         16          0          0          0         92   _printf_longlong_dec.o
         6          0          0          0          0          0   _printf_ls.o
         6          0          0          0          0          0   _printf_n.o
         6          0          0          0          0          0   _printf_o.o
       112          8          0          0          0        124   _printf_oct_int_ll.o
         6          0          0          0          0          0   _printf_p.o
        78          0          0          0          0        108   _printf_pad.o
         0          0          0          0          0          0   _printf_percent.o
         4          0          0          0          0          0   _printf_percent_end.o
         6          0          0          0          0          0   _printf_s.o
        82          0          0          0          0         80   _printf_str.o
        36          0          0          0          0         84   _printf_truncate.o
         6          0          0          0          0          0   _printf_u.o
        44          0          0          0          0        108   _printf_wchar.o
       188          6          8          0          0         92   _printf_wctomb.o
         6          0          0          0          0          0   _printf_x.o
        10          0          0          0          0         68   _sputc.o
       228          4        148          0          0         96   bigflt0.o
      1936        128          0          0          0        668   btod.o
        18          0          0          0          0         80   exit.o
         6          0          0          0          0        152   heapauxi.o
         0          0          0          0          0          0   indicate_semi.o
        44         10        272          0          0         76   lc_ctype_c.o
        44         10         28          0          0         76   lc_numeric_c.o
         2          0          0          0          0          0   libinit.o
        30          0          0          0          0          0   libinit2.o
         2          0          0          0          0          0   libshutdown.o
         2          0          0          0          0          0   libshutdown2.o
         8          4          0          0         96         68   libspace.o
       138          0          0          0          0         80   lludiv10.o
        16          4          0          0          0         76   rt_ctype_table.o
         8          4          0          0          0         68   rt_locale_intlibspace.o
        78          0          0          0          0         80   rt_memclr_w.o
         2          0          0          0          0          0   rtexit.o
        10          0          0          0          0          0   rtexit2.o
        44          6          0          0          0         84   sprintf.o
       128          0          0          0          0         68   strcmpv7m.o
        62          0          0          0          0         76   strlen.o
        12          4          0          0          0         68   sys_exit.o
        74          0          0          0          0         80   sys_stackheap_outer.o
         2          0          0          0          0         68   use_no_semi.o
        12          0          0          0          0         68   dretinf.o
        86          4          0          0          0         84   f2d.o
        38          0          0          0          0         68   fflt_clz.o
       258          4          0          0          0         84   fmul.o
       140          4          0          0          0         84   fnaninf.o
        10          0          0          0          0         68   fretinf.o
         4          0          0          0          0         68   printf1.o
         4          0          0          0          0         68   printf2.o
         0          0          0          0          0          0   usenofp.o
        40          0          0          0          0         68   fpclassify.o

    ----------------------------------------------------------------------
      7456        278        552          0         96       4648   Library Totals
        20          0          1          0          0          0   (incl. Padding)

    ----------------------------------------------------------------------

      Code (inc. data)   RO Data    RW Data    ZI Data      Debug   Library Name

      6844        266        551          0         96       3988   c_w.l
       552         12          0          0          0        592   fz_ws.l
        40          0          0          0          0         68   m_ws.l

    ----------------------------------------------------------------------
      7456        278        552          0         96       4648   Library Totals

    ----------------------------------------------------------------------

==============================================================================


      Code (inc. data)   RO Data    RW Data    ZI Data      Debug   

     22516        318        852         12       1988     134909   Grand Totals
     22516        318        852         12       1988     134909   ELF Image Totals
     22516        318        852         12          0          0   ROM Totals

==============================================================================

    Total RO  Size (Code + RO Data)                23368 (  22.82kB)
    Total RW  Size (RW Data + ZI Data)              2000 (   1.95kB)
    Total ROM Size (Code + RO Data + RW Data)      23380 (  22.83kB)

==============================================================================

